[0.084s] DEBUG:colcon:Command line arguments: ['/usr/bin/colcon', 'build', '--symlink-install']
[0.084s] DEBUG:colcon:Parsed command line arguments: Namespace(log_base=None, log_level=None, verb_name='build', build_base='build', install_base='install', merge_install=False, symlink_install=True, test_result_base=None, continue_on_error=False, executor='parallel', parallel_workers=16, event_handlers=None, ignore_user_meta=False, metas=['./colcon.meta'], base_paths=['.'], packages_ignore=None, packages_ignore_regex=None, paths=None, packages_up_to=None, packages_up_to_regex=None, packages_above=None, packages_above_and_dependencies=None, packages_above_depth=None, packages_select_by_dep=None, packages_skip_by_dep=None, packages_skip_up_to=None, packages_select_build_failed=False, packages_skip_build_finished=False, packages_select_test_failures=False, packages_skip_test_passed=False, packages_select=None, packages_skip=None, packages_select_regex=None, packages_skip_regex=None, packages_start=None, packages_end=None, allow_overriding=[], cmake_args=None, cmake_target=None, cmake_target_skip_unavailable=False, cmake_clean_cache=False, cmake_clean_first=False, cmake_force_configure=False, ament_cmake_args=None, catkin_cmake_args=None, catkin_skip_building_tests=False, verb_parser=<colcon_defaults.argument_parser.defaults.DefaultArgumentsDecorator object at 0x748520c6ab30>, verb_extension=<colcon_core.verb.build.BuildVerb object at 0x748520c69f90>, main=<bound method BuildVerb.main of <colcon_core.verb.build.BuildVerb object at 0x748520c69f90>>)
[0.231s] Level 1:colcon.colcon_core.package_discovery:discover_packages(colcon_meta) check parameters
[0.231s] Level 1:colcon.colcon_core.package_discovery:discover_packages(recursive) check parameters
[0.231s] Level 1:colcon.colcon_core.package_discovery:discover_packages(ignore) check parameters
[0.231s] Level 1:colcon.colcon_core.package_discovery:discover_packages(path) check parameters
[0.231s] Level 1:colcon.colcon_core.package_discovery:discover_packages(colcon_meta) discover
[0.231s] Level 1:colcon.colcon_core.package_discovery:discover_packages(recursive) discover
[0.231s] INFO:colcon.colcon_core.package_discovery:Crawling recursively for packages in '/home/sgjzz1/git/physicalai-lv1-gyujinsim/physicalai-lv1-assignments-main/lv1_module2_student/ros2_ws'
[0.231s] Level 1:colcon.colcon_core.package_identification:_identify(.) by extensions ['ignore', 'ignore_ament_install']
[0.231s] Level 1:colcon.colcon_core.package_identification:_identify(.) by extension 'ignore'
[0.231s] Level 1:colcon.colcon_core.package_identification:_identify(.) by extension 'ignore_ament_install'
[0.231s] Level 1:colcon.colcon_core.package_identification:_identify(.) by extensions ['colcon_pkg']
[0.231s] Level 1:colcon.colcon_core.package_identification:_identify(.) by extension 'colcon_pkg'
[0.232s] Level 1:colcon.colcon_core.package_identification:_identify(.) by extensions ['colcon_meta']
[0.232s] Level 1:colcon.colcon_core.package_identification:_identify(.) by extension 'colcon_meta'
[0.232s] Level 1:colcon.colcon_core.package_identification:_identify(.) by extensions ['ros']
[0.232s] Level 1:colcon.colcon_core.package_identification:_identify(.) by extension 'ros'
[0.246s] Level 1:colcon.colcon_core.package_identification:_identify(.) by extensions ['cmake', 'python']
[0.246s] Level 1:colcon.colcon_core.package_identification:_identify(.) by extension 'cmake'
[0.246s] Level 1:colcon.colcon_core.package_identification:_identify(.) by extension 'python'
[0.246s] Level 1:colcon.colcon_core.package_identification:_identify(.) by extensions ['python_setup_py']
[0.246s] Level 1:colcon.colcon_core.package_identification:_identify(.) by extension 'python_setup_py'
[0.246s] Level 1:colcon.colcon_core.package_identification:_identify(bags) by extensions ['ignore', 'ignore_ament_install']
[0.246s] Level 1:colcon.colcon_core.package_identification:_identify(bags) by extension 'ignore'
[0.246s] Level 1:colcon.colcon_core.package_identification:_identify(bags) by extension 'ignore_ament_install'
[0.246s] Level 1:colcon.colcon_core.package_identification:_identify(bags) by extensions ['colcon_pkg']
[0.246s] Level 1:colcon.colcon_core.package_identification:_identify(bags) by extension 'colcon_pkg'
[0.246s] Level 1:colcon.colcon_core.package_identification:_identify(bags) by extensions ['colcon_meta']
[0.246s] Level 1:colcon.colcon_core.package_identification:_identify(bags) by extension 'colcon_meta'
[0.246s] Level 1:colcon.colcon_core.package_identification:_identify(bags) by extensions ['ros']
[0.246s] Level 1:colcon.colcon_core.package_identification:_identify(bags) by extension 'ros'
[0.246s] Level 1:colcon.colcon_core.package_identification:_identify(bags) by extensions ['cmake', 'python']
[0.246s] Level 1:colcon.colcon_core.package_identification:_identify(bags) by extension 'cmake'
[0.246s] Level 1:colcon.colcon_core.package_identification:_identify(bags) by extension 'python'
[0.246s] Level 1:colcon.colcon_core.package_identification:_identify(bags) by extensions ['python_setup_py']
[0.246s] Level 1:colcon.colcon_core.package_identification:_identify(bags) by extension 'python_setup_py'
[0.247s] Level 1:colcon.colcon_core.package_identification:_identify(bags/rosbag2_2026_09_03-16_43_30) by extensions ['ignore', 'ignore_ament_install']
[0.247s] Level 1:colcon.colcon_core.package_identification:_identify(bags/rosbag2_2026_09_03-16_43_30) by extension 'ignore'
[0.247s] Level 1:colcon.colcon_core.package_identification:_identify(bags/rosbag2_2026_09_03-16_43_30) by extension 'ignore_ament_install'
[0.247s] Level 1:colcon.colcon_core.package_identification:_identify(bags/rosbag2_2026_09_03-16_43_30) by extensions ['colcon_pkg']
[0.247s] Level 1:colcon.colcon_core.package_identification:_identify(bags/rosbag2_2026_09_03-16_43_30) by extension 'colcon_pkg'
[0.247s] Level 1:colcon.colcon_core.package_identification:_identify(bags/rosbag2_2026_09_03-16_43_30) by extensions ['colcon_meta']
[0.247s] Level 1:colcon.colcon_core.package_identification:_identify(bags/rosbag2_2026_09_03-16_43_30) by extension 'colcon_meta'
[0.247s] Level 1:colcon.colcon_core.package_identification:_identify(bags/rosbag2_2026_09_03-16_43_30) by extensions ['ros']
[0.247s] Level 1:colcon.colcon_core.package_identification:_identify(bags/rosbag2_2026_09_03-16_43_30) by extension 'ros'
[0.247s] Level 1:colcon.colcon_core.package_identification:_identify(bags/rosbag2_2026_09_03-16_43_30) by extensions ['cmake', 'python']
[0.247s] Level 1:colcon.colcon_core.package_identification:_identify(bags/rosbag2_2026_09_03-16_43_30) by extension 'cmake'
[0.247s] Level 1:colcon.colcon_core.package_identification:_identify(bags/rosbag2_2026_09_03-16_43_30) by extension 'python'
[0.247s] Level 1:colcon.colcon_core.package_identification:_identify(bags/rosbag2_2026_09_03-16_43_30) by extensions ['python_setup_py']
[0.247s] Level 1:colcon.colcon_core.package_identification:_identify(bags/rosbag2_2026_09_03-16_43_30) by extension 'python_setup_py'
[0.247s] Level 1:colcon.colcon_core.package_identification:_identify(build) by extensions ['ignore', 'ignore_ament_install']
[0.247s] Level 1:colcon.colcon_core.package_identification:_identify(build) by extension 'ignore'
[0.247s] Level 1:colcon.colcon_core.package_identification:_identify(build) ignored
[0.247s] Level 1:colcon.colcon_core.package_identification:_identify(install) by extensions ['ignore', 'ignore_ament_install']
[0.247s] Level 1:colcon.colcon_core.package_identification:_identify(install) by extension 'ignore'
[0.247s] Level 1:colcon.colcon_core.package_identification:_identify(install) ignored
[0.247s] Level 1:colcon.colcon_core.package_identification:_identify(log) by extensions ['ignore', 'ignore_ament_install']
[0.247s] Level 1:colcon.colcon_core.package_identification:_identify(log) by extension 'ignore'
[0.248s] Level 1:colcon.colcon_core.package_identification:_identify(log) ignored
[0.248s] Level 1:colcon.colcon_core.package_identification:_identify(src) by extensions ['ignore', 'ignore_ament_install']
[0.248s] Level 1:colcon.colcon_core.package_identification:_identify(src) by extension 'ignore'
[0.248s] Level 1:colcon.colcon_core.package_identification:_identify(src) by extension 'ignore_ament_install'
[0.248s] Level 1:colcon.colcon_core.package_identification:_identify(src) by extensions ['colcon_pkg']
[0.248s] Level 1:colcon.colcon_core.package_identification:_identify(src) by extension 'colcon_pkg'
[0.248s] Level 1:colcon.colcon_core.package_identification:_identify(src) by extensions ['colcon_meta']
[0.248s] Level 1:colcon.colcon_core.package_identification:_identify(src) by extension 'colcon_meta'
[0.248s] Level 1:colcon.colcon_core.package_identification:_identify(src) by extensions ['ros']
[0.248s] Level 1:colcon.colcon_core.package_identification:_identify(src) by extension 'ros'
[0.248s] Level 1:colcon.colcon_core.package_identification:_identify(src) by extensions ['cmake', 'python']
[0.248s] Level 1:colcon.colcon_core.package_identification:_identify(src) by extension 'cmake'
[0.248s] Level 1:colcon.colcon_core.package_identification:_identify(src) by extension 'python'
[0.248s] Level 1:colcon.colcon_core.package_identification:_identify(src) by extensions ['python_setup_py']
[0.248s] Level 1:colcon.colcon_core.package_identification:_identify(src) by extension 'python_setup_py'
[0.248s] Level 1:colcon.colcon_core.package_identification:_identify(src/turtle_cpp) by extensions ['ignore', 'ignore_ament_install']
[0.248s] Level 1:colcon.colcon_core.package_identification:_identify(src/turtle_cpp) by extension 'ignore'
[0.248s] Level 1:colcon.colcon_core.package_identification:_identify(src/turtle_cpp) by extension 'ignore_ament_install'
[0.248s] Level 1:colcon.colcon_core.package_identification:_identify(src/turtle_cpp) by extensions ['colcon_pkg']
[0.248s] Level 1:colcon.colcon_core.package_identification:_identify(src/turtle_cpp) by extension 'colcon_pkg'
[0.248s] Level 1:colcon.colcon_core.package_identification:_identify(src/turtle_cpp) by extensions ['colcon_meta']
[0.248s] Level 1:colcon.colcon_core.package_identification:_identify(src/turtle_cpp) by extension 'colcon_meta'
[0.248s] Level 1:colcon.colcon_core.package_identification:_identify(src/turtle_cpp) by extensions ['ros']
[0.248s] Level 1:colcon.colcon_core.package_identification:_identify(src/turtle_cpp) by extension 'ros'
[0.250s] DEBUG:colcon.colcon_core.package_identification:Package 'src/turtle_cpp' with type 'ros.ament_cmake' and name 'turtle_cpp'
[0.250s] Level 1:colcon.colcon_core.package_identification:_identify(src/turtle_examples) by extensions ['ignore', 'ignore_ament_install']
[0.250s] Level 1:colcon.colcon_core.package_identification:_identify(src/turtle_examples) by extension 'ignore'
[0.250s] Level 1:colcon.colcon_core.package_identification:_identify(src/turtle_examples) by extension 'ignore_ament_install'
[0.250s] Level 1:colcon.colcon_core.package_identification:_identify(src/turtle_examples) by extensions ['colcon_pkg']
[0.250s] Level 1:colcon.colcon_core.package_identification:_identify(src/turtle_examples) by extension 'colcon_pkg'
[0.251s] Level 1:colcon.colcon_core.package_identification:_identify(src/turtle_examples) by extensions ['colcon_meta']
[0.251s] Level 1:colcon.colcon_core.package_identification:_identify(src/turtle_examples) by extension 'colcon_meta'
[0.251s] Level 1:colcon.colcon_core.package_identification:_identify(src/turtle_examples) by extensions ['ros']
[0.251s] Level 1:colcon.colcon_core.package_identification:_identify(src/turtle_examples) by extension 'ros'
[0.251s] DEBUG:colcon.colcon_core.package_identification:Package 'src/turtle_examples' with type 'ros.ament_python' and name 'turtle_examples'
[0.251s] Level 1:colcon.colcon_core.package_identification:_identify(src/turtle_interfaces) by extensions ['ignore', 'ignore_ament_install']
[0.251s] Level 1:colcon.colcon_core.package_identification:_identify(src/turtle_interfaces) by extension 'ignore'
[0.252s] Level 1:colcon.colcon_core.package_identification:_identify(src/turtle_interfaces) by extension 'ignore_ament_install'
[0.252s] Level 1:colcon.colcon_core.package_identification:_identify(src/turtle_interfaces) by extensions ['colcon_pkg']
[0.252s] Level 1:colcon.colcon_core.package_identification:_identify(src/turtle_interfaces) by extension 'colcon_pkg'
[0.252s] Level 1:colcon.colcon_core.package_identification:_identify(src/turtle_interfaces) by extensions ['colcon_meta']
[0.252s] Level 1:colcon.colcon_core.package_identification:_identify(src/turtle_interfaces) by extension 'colcon_meta'
[0.252s] Level 1:colcon.colcon_core.package_identification:_identify(src/turtle_interfaces) by extensions ['ros']
[0.252s] Level 1:colcon.colcon_core.package_identification:_identify(src/turtle_interfaces) by extension 'ros'
[0.252s] DEBUG:colcon.colcon_core.package_identification:Package 'src/turtle_interfaces' with type 'ros.ament_cmake' and name 'turtle_interfaces'
[0.252s] Level 1:colcon.colcon_core.package_identification:_identify(src/turtle_py) by extensions ['ignore', 'ignore_ament_install']
[0.252s] Level 1:colcon.colcon_core.package_identification:_identify(src/turtle_py) by extension 'ignore'
[0.252s] Level 1:colcon.colcon_core.package_identification:_identify(src/turtle_py) by extension 'ignore_ament_install'
[0.252s] Level 1:colcon.colcon_core.package_identification:_identify(src/turtle_py) by extensions ['colcon_pkg']
[0.252s] Level 1:colcon.colcon_core.package_identification:_identify(src/turtle_py) by extension 'colcon_pkg'
[0.252s] Level 1:colcon.colcon_core.package_identification:_identify(src/turtle_py) by extensions ['colcon_meta']
[0.252s] Level 1:colcon.colcon_core.package_identification:_identify(src/turtle_py) by extension 'colcon_meta'
[0.253s] Level 1:colcon.colcon_core.package_identification:_identify(src/turtle_py) by extensions ['ros']
[0.253s] Level 1:colcon.colcon_core.package_identification:_identify(src/turtle_py) by extension 'ros'
[0.253s] DEBUG:colcon.colcon_core.package_identification:Package 'src/turtle_py' with type 'ros.ament_python' and name 'turtle_py'
[0.253s] Level 1:colcon.colcon_core.package_discovery:discover_packages(recursive) using defaults
[0.253s] Level 1:colcon.colcon_core.package_discovery:discover_packages(ignore) discover
[0.253s] Level 1:colcon.colcon_core.package_discovery:discover_packages(ignore) using defaults
[0.253s] Level 1:colcon.colcon_core.package_discovery:discover_packages(path) discover
[0.253s] Level 1:colcon.colcon_core.package_discovery:discover_packages(path) using defaults
[0.267s] Level 1:colcon.colcon_core.package_discovery:discover_packages(prefix_path) check parameters
[0.267s] Level 1:colcon.colcon_core.package_discovery:discover_packages(prefix_path) discover
[0.269s] DEBUG:colcon.colcon_installed_package_information.package_discovery:Found 373 installed packages in /opt/ros/humble
[0.271s] Level 1:colcon.colcon_core.package_discovery:discover_packages(prefix_path) using defaults
[0.304s] Level 5:colcon.colcon_core.verb:set package 'turtle_cpp' build argument 'cmake_args' from command line to 'None'
[0.305s] Level 5:colcon.colcon_core.verb:set package 'turtle_cpp' build argument 'cmake_target' from command line to 'None'
[0.305s] Level 5:colcon.colcon_core.verb:set package 'turtle_cpp' build argument 'cmake_target_skip_unavailable' from command line to 'False'
[0.305s] Level 5:colcon.colcon_core.verb:set package 'turtle_cpp' build argument 'cmake_clean_cache' from command line to 'False'
[0.305s] Level 5:colcon.colcon_core.verb:set package 'turtle_cpp' build argument 'cmake_clean_first' from command line to 'False'
[0.305s] Level 5:colcon.colcon_core.verb:set package 'turtle_cpp' build argument 'cmake_force_configure' from command line to 'False'
[0.305s] Level 5:colcon.colcon_core.verb:set package 'turtle_cpp' build argument 'ament_cmake_args' from command line to 'None'
[0.305s] Level 5:colcon.colcon_core.verb:set package 'turtle_cpp' build argument 'catkin_cmake_args' from command line to 'None'
[0.305s] Level 5:colcon.colcon_core.verb:set package 'turtle_cpp' build argument 'catkin_skip_building_tests' from command line to 'False'
[0.305s] DEBUG:colcon.colcon_core.verb:Building package 'turtle_cpp' with the following arguments: {'ament_cmake_args': None, 'build_base': '/home/sgjzz1/git/physicalai-lv1-gyujinsim/physicalai-lv1-assignments-main/lv1_module2_student/ros2_ws/build/turtle_cpp', 'catkin_cmake_args': None, 'catkin_skip_building_tests': False, 'cmake_args': None, 'cmake_clean_cache': False, 'cmake_clean_first': False, 'cmake_force_configure': False, 'cmake_target': None, 'cmake_target_skip_unavailable': False, 'install_base': '/home/sgjzz1/git/physicalai-lv1-gyujinsim/physicalai-lv1-assignments-main/lv1_module2_student/ros2_ws/install/turtle_cpp', 'merge_install': False, 'path': '/home/sgjzz1/git/physicalai-lv1-gyujinsim/physicalai-lv1-assignments-main/lv1_module2_student/ros2_ws/src/turtle_cpp', 'symlink_install': True, 'test_result_base': None}
[0.305s] Level 5:colcon.colcon_core.verb:set package 'turtle_interfaces' build argument 'cmake_args' from command line to 'None'
[0.305s] Level 5:colcon.colcon_core.verb:set package 'turtle_interfaces' build argument 'cmake_target' from command line to 'None'
[0.305s] Level 5:colcon.colcon_core.verb:set package 'turtle_interfaces' build argument 'cmake_target_skip_unavailable' from command line to 'False'
[0.305s] Level 5:colcon.colcon_core.verb:set package 'turtle_interfaces' build argument 'cmake_clean_cache' from command line to 'False'
[0.305s] Level 5:colcon.colcon_core.verb:set package 'turtle_interfaces' build argument 'cmake_clean_first' from command line to 'False'
[0.305s] Level 5:colcon.colcon_core.verb:set package 'turtle_interfaces' build argument 'cmake_force_configure' from command line to 'False'
[0.305s] Level 5:colcon.colcon_core.verb:set package 'turtle_interfaces' build argument 'ament_cmake_args' from command line to 'None'
[0.305s] Level 5:colcon.colcon_core.verb:set package 'turtle_interfaces' build argument 'catkin_cmake_args' from command line to 'None'
[0.305s] Level 5:colcon.colcon_core.verb:set package 'turtle_interfaces' build argument 'catkin_skip_building_tests' from command line to 'False'
[0.305s] DEBUG:colcon.colcon_core.verb:Building package 'turtle_interfaces' with the following arguments: {'ament_cmake_args': None, 'build_base': '/home/sgjzz1/git/physicalai-lv1-gyujinsim/physicalai-lv1-assignments-main/lv1_module2_student/ros2_ws/build/turtle_interfaces', 'catkin_cmake_args': None, 'catkin_skip_building_tests': False, 'cmake_args': None, 'cmake_clean_cache': False, 'cmake_clean_first': False, 'cmake_force_configure': False, 'cmake_target': None, 'cmake_target_skip_unavailable': False, 'install_base': '/home/sgjzz1/git/physicalai-lv1-gyujinsim/physicalai-lv1-assignments-main/lv1_module2_student/ros2_ws/install/turtle_interfaces', 'merge_install': False, 'path': '/home/sgjzz1/git/physicalai-lv1-gyujinsim/physicalai-lv1-assignments-main/lv1_module2_student/ros2_ws/src/turtle_interfaces', 'symlink_install': True, 'test_result_base': None}
[0.305s] Level 5:colcon.colcon_core.verb:set package 'turtle_py' build argument 'cmake_args' from command line to 'None'
[0.305s] Level 5:colcon.colcon_core.verb:set package 'turtle_py' build argument 'cmake_target' from command line to 'None'
[0.305s] Level 5:colcon.colcon_core.verb:set package 'turtle_py' build argument 'cmake_target_skip_unavailable' from command line to 'False'
[0.305s] Level 5:colcon.colcon_core.verb:set package 'turtle_py' build argument 'cmake_clean_cache' from command line to 'False'
[0.305s] Level 5:colcon.colcon_core.verb:set package 'turtle_py' build argument 'cmake_clean_first' from command line to 'False'
[0.305s] Level 5:colcon.colcon_core.verb:set package 'turtle_py' build argument 'cmake_force_configure' from command line to 'False'
[0.305s] Level 5:colcon.colcon_core.verb:set package 'turtle_py' build argument 'ament_cmake_args' from command line to 'None'
[0.305s] Level 5:colcon.colcon_core.verb:set package 'turtle_py' build argument 'catkin_cmake_args' from command line to 'None'
[0.305s] Level 5:colcon.colcon_core.verb:set package 'turtle_py' build argument 'catkin_skip_building_tests' from command line to 'False'
[0.305s] DEBUG:colcon.colcon_core.verb:Building package 'turtle_py' with the following arguments: {'ament_cmake_args': None, 'build_base': '/home/sgjzz1/git/physicalai-lv1-gyujinsim/physicalai-lv1-assignments-main/lv1_module2_student/ros2_ws/build/turtle_py', 'catkin_cmake_args': None, 'catkin_skip_building_tests': False, 'cmake_args': None, 'cmake_clean_cache': False, 'cmake_clean_first': False, 'cmake_force_configure': False, 'cmake_target': None, 'cmake_target_skip_unavailable': False, 'install_base': '/home/sgjzz1/git/physicalai-lv1-gyujinsim/physicalai-lv1-assignments-main/lv1_module2_student/ros2_ws/install/turtle_py', 'merge_install': False, 'path': '/home/sgjzz1/git/physicalai-lv1-gyujinsim/physicalai-lv1-assignments-main/lv1_module2_student/ros2_ws/src/turtle_py', 'symlink_install': True, 'test_result_base': None}
[0.306s] Level 5:colcon.colcon_core.verb:set package 'turtle_examples' build argument 'cmake_args' from command line to 'None'
[0.306s] Level 5:colcon.colcon_core.verb:set package 'turtle_examples' build argument 'cmake_target' from command line to 'None'
[0.306s] Level 5:colcon.colcon_core.verb:set package 'turtle_examples' build argument 'cmake_target_skip_unavailable' from command line to 'False'
[0.306s] Level 5:colcon.colcon_core.verb:set package 'turtle_examples' build argument 'cmake_clean_cache' from command line to 'False'
[0.306s] Level 5:colcon.colcon_core.verb:set package 'turtle_examples' build argument 'cmake_clean_first' from command line to 'False'
[0.306s] Level 5:colcon.colcon_core.verb:set package 'turtle_examples' build argument 'cmake_force_configure' from command line to 'False'
[0.306s] Level 5:colcon.colcon_core.verb:set package 'turtle_examples' build argument 'ament_cmake_args' from command line to 'None'
[0.306s] Level 5:colcon.colcon_core.verb:set package 'turtle_examples' build argument 'catkin_cmake_args' from command line to 'None'
[0.306s] Level 5:colcon.colcon_core.verb:set package 'turtle_examples' build argument 'catkin_skip_building_tests' from command line to 'False'
[0.306s] DEBUG:colcon.colcon_core.verb:Building package 'turtle_examples' with the following arguments: {'ament_cmake_args': None, 'build_base': '/home/sgjzz1/git/physicalai-lv1-gyujinsim/physicalai-lv1-assignments-main/lv1_module2_student/ros2_ws/build/turtle_examples', 'catkin_cmake_args': None, 'catkin_skip_building_tests': False, 'cmake_args': None, 'cmake_clean_cache': False, 'cmake_clean_first': False, 'cmake_force_configure': False, 'cmake_target': None, 'cmake_target_skip_unavailable': False, 'install_base': '/home/sgjzz1/git/physicalai-lv1-gyujinsim/physicalai-lv1-assignments-main/lv1_module2_student/ros2_ws/install/turtle_examples', 'merge_install': False, 'path': '/home/sgjzz1/git/physicalai-lv1-gyujinsim/physicalai-lv1-assignments-main/lv1_module2_student/ros2_ws/src/turtle_examples', 'symlink_install': True, 'test_result_base': None}
[0.306s] INFO:colcon.colcon_core.executor:Executing jobs using 'parallel' executor
[0.307s] DEBUG:colcon.colcon_parallel_executor.executor.parallel:run_until_complete
[0.307s] INFO:colcon.colcon_ros.task.ament_cmake.build:Building ROS package in '/home/sgjzz1/git/physicalai-lv1-gyujinsim/physicalai-lv1-assignments-main/lv1_module2_student/ros2_ws/src/turtle_interfaces' with build type 'ament_cmake'
[0.307s] INFO:colcon.colcon_cmake.task.cmake.build:Building CMake package in '/home/sgjzz1/git/physicalai-lv1-gyujinsim/physicalai-lv1-assignments-main/lv1_module2_student/ros2_ws/src/turtle_interfaces'
[0.308s] INFO:colcon.colcon_core.plugin_system:Skipping extension 'colcon_core.shell.bat': Not used on non-Windows systems
[0.309s] INFO:colcon.colcon_core.shell:Skip shell extension 'powershell' for command environment: Not usable outside of PowerShell
[0.309s] DEBUG:colcon.colcon_core.shell:Skip shell extension 'dsv' for command environment
[0.311s] INFO:colcon.colcon_ros.task.ament_cmake.build:Building ROS package in '/home/sgjzz1/git/physicalai-lv1-gyujinsim/physicalai-lv1-assignments-main/lv1_module2_student/ros2_ws/src/turtle_cpp' with build type 'ament_cmake'
[0.311s] INFO:colcon.colcon_cmake.task.cmake.build:Building CMake package in '/home/sgjzz1/git/physicalai-lv1-gyujinsim/physicalai-lv1-assignments-main/lv1_module2_student/ros2_ws/src/turtle_cpp'
[0.312s] INFO:colcon.colcon_core.shell:Skip shell extension 'powershell' for command environment: Not usable outside of PowerShell
[0.312s] DEBUG:colcon.colcon_core.shell:Skip shell extension 'dsv' for command environment
[0.314s] INFO:colcon.colcon_ros.task.ament_python.build:Building ROS package in '/home/sgjzz1/git/physicalai-lv1-gyujinsim/physicalai-lv1-assignments-main/lv1_module2_student/ros2_ws/src/turtle_py' with build type 'ament_python'
[0.314s] Level 1:colcon.colcon_core.shell:create_environment_hook('turtle_py', 'ament_prefix_path')
[0.315s] INFO:colcon.colcon_core.shell:Creating environment hook '/home/sgjzz1/git/physicalai-lv1-gyujinsim/physicalai-lv1-assignments-main/lv1_module2_student/ros2_ws/install/turtle_py/share/turtle_py/hook/ament_prefix_path.ps1'
[0.315s] INFO:colcon.colcon_core.shell:Creating environment descriptor '/home/sgjzz1/git/physicalai-lv1-gyujinsim/physicalai-lv1-assignments-main/lv1_module2_student/ros2_ws/install/turtle_py/share/turtle_py/hook/ament_prefix_path.dsv'
[0.316s] INFO:colcon.colcon_core.shell:Creating environment hook '/home/sgjzz1/git/physicalai-lv1-gyujinsim/physicalai-lv1-assignments-main/lv1_module2_student/ros2_ws/install/turtle_py/share/turtle_py/hook/ament_prefix_path.sh'
[0.316s] INFO:colcon.colcon_core.shell:Skip shell extension 'powershell' for command environment: Not usable outside of PowerShell
[0.316s] DEBUG:colcon.colcon_core.shell:Skip shell extension 'dsv' for command environment
[0.322s] DEBUG:colcon.colcon_core.event_handler.log_command:Invoking command in '/home/sgjzz1/git/physicalai-lv1-gyujinsim/physicalai-lv1-assignments-main/lv1_module2_student/ros2_ws/build/turtle_interfaces': CMAKE_PREFIX_PATH=/opt/ros/humble /usr/bin/cmake /home/sgjzz1/git/physicalai-lv1-gyujinsim/physicalai-lv1-assignments-main/lv1_module2_student/ros2_ws/src/turtle_interfaces -DAMENT_CMAKE_SYMLINK_INSTALL=1 -DCMAKE_INSTALL_PREFIX=/home/sgjzz1/git/physicalai-lv1-gyujinsim/physicalai-lv1-assignments-main/lv1_module2_student/ros2_ws/install/turtle_interfaces
[0.325s] DEBUG:colcon.colcon_core.event_handler.log_command:Invoking command in '/home/sgjzz1/git/physicalai-lv1-gyujinsim/physicalai-lv1-assignments-main/lv1_module2_student/ros2_ws/build/turtle_cpp': CMAKE_PREFIX_PATH=/opt/ros/humble /usr/bin/cmake /home/sgjzz1/git/physicalai-lv1-gyujinsim/physicalai-lv1-assignments-main/lv1_module2_student/ros2_ws/src/turtle_cpp -DAMENT_CMAKE_SYMLINK_INSTALL=1 -DCMAKE_INSTALL_PREFIX=/home/sgjzz1/git/physicalai-lv1-gyujinsim/physicalai-lv1-assignments-main/lv1_module2_student/ros2_ws/install/turtle_cpp
[0.586s] INFO:colcon.colcon_core.task.python.build:Building Python package in '/home/sgjzz1/git/physicalai-lv1-gyujinsim/physicalai-lv1-assignments-main/lv1_module2_student/ros2_ws/src/turtle_py'
[0.587s] INFO:colcon.colcon_core.shell:Skip shell extension 'powershell' for command environment: Not usable outside of PowerShell
[0.587s] DEBUG:colcon.colcon_core.shell:Skip shell extension 'dsv' for command environment
[0.892s] DEBUG:colcon.colcon_core.task.python.build:Available setuptools commands: alias, bdist_wheel, upload_docs, install_headers, build_ext, install_egg_info, compile_catalog, install_scripts, bdist, install_lib, install, build_clib, build, build_scripts, update_catalog, symlink_data, build_py, extract_messages, egg_info, check, dist_info, upload, register, rotate, saveopts, init_catalog, easy_install, bdist_rpm, setopt, test, develop, clean, install_data, bdist_dumb, bdist_egg, sdist
[1.138s] DEBUG:colcon.colcon_core.task.python.build:Available setuptools 'develop' options: --help, --user, --record, --allow-hosts, --version, --script-dir, --editable, --no-find-links, --quiet, --prefix, --no-user-cfg, --optimize, --verbose, --local-snapshots-ok, --site-dirs, --multi-version, --install-layout, --upgrade, --always-copy, --find-links, --egg-path, --build-directory, --dry-run, --no-deps, --exclude-scripts, --force-installation-into-system-dir, --always-unzip, --index-url, --install-dir, --zip-ok, --uninstall
[1.140s] DEBUG:colcon.colcon_core.event_handler.log_command:Invoking command in '/home/sgjzz1/git/physicalai-lv1-gyujinsim/physicalai-lv1-assignments-main/lv1_module2_student/ros2_ws/build/turtle_py': PYTHONPATH=/home/sgjzz1/git/physicalai-lv1-gyujinsim/physicalai-lv1-assignments-main/lv1_module2_student/ros2_ws/build/turtle_py/prefix_override:/usr/lib/python3/dist-packages/colcon_core/task/python/colcon_distutils_commands:/home/sgjzz1/git/physicalai-lv1-gyujinsim/physicalai-lv1-assignments-main/lv1_module2_student/ros2_ws/install/turtle_py/lib/python3.10/site-packages:${PYTHONPATH} /usr/bin/python3 -W ignore:setup.py install is deprecated -W ignore:easy_install command is deprecated setup.py develop --editable --build-directory /home/sgjzz1/git/physicalai-lv1-gyujinsim/physicalai-lv1-assignments-main/lv1_module2_student/ros2_ws/build/turtle_py/build --no-deps symlink_data
[1.356s] DEBUG:colcon.colcon_core.event_handler.log_command:Invoked command in '/home/sgjzz1/git/physicalai-lv1-gyujinsim/physicalai-lv1-assignments-main/lv1_module2_student/ros2_ws/build/turtle_cpp' returned '0': CMAKE_PREFIX_PATH=/opt/ros/humble /usr/bin/cmake /home/sgjzz1/git/physicalai-lv1-gyujinsim/physicalai-lv1-assignments-main/lv1_module2_student/ros2_ws/src/turtle_cpp -DAMENT_CMAKE_SYMLINK_INSTALL=1 -DCMAKE_INSTALL_PREFIX=/home/sgjzz1/git/physicalai-lv1-gyujinsim/physicalai-lv1-assignments-main/lv1_module2_student/ros2_ws/install/turtle_cpp
[1.358s] DEBUG:colcon.colcon_core.event_handler.log_command:Invoking command in '/home/sgjzz1/git/physicalai-lv1-gyujinsim/physicalai-lv1-assignments-main/lv1_module2_student/ros2_ws/build/turtle_cpp': CMAKE_PREFIX_PATH=/opt/ros/humble /usr/bin/cmake --build /home/sgjzz1/git/physicalai-lv1-gyujinsim/physicalai-lv1-assignments-main/lv1_module2_student/ros2_ws/build/turtle_cpp -- -j16 -l16
[1.598s] Level 1:colcon.colcon_core.shell:create_environment_hook('turtle_py', 'pythonpath_develop')
[1.599s] INFO:colcon.colcon_core.shell:Creating environment hook '/home/sgjzz1/git/physicalai-lv1-gyujinsim/physicalai-lv1-assignments-main/lv1_module2_student/ros2_ws/build/turtle_py/share/turtle_py/hook/pythonpath_develop.ps1'
[1.599s] DEBUG:colcon.colcon_core.event_handler.log_command:Invoked command in '/home/sgjzz1/git/physicalai-lv1-gyujinsim/physicalai-lv1-assignments-main/lv1_module2_student/ros2_ws/build/turtle_py' returned '0': PYTHONPATH=/home/sgjzz1/git/physicalai-lv1-gyujinsim/physicalai-lv1-assignments-main/lv1_module2_student/ros2_ws/build/turtle_py/prefix_override:/usr/lib/python3/dist-packages/colcon_core/task/python/colcon_distutils_commands:/home/sgjzz1/git/physicalai-lv1-gyujinsim/physicalai-lv1-assignments-main/lv1_module2_student/ros2_ws/install/turtle_py/lib/python3.10/site-packages:${PYTHONPATH} /usr/bin/python3 -W ignore:setup.py install is deprecated -W ignore:easy_install command is deprecated setup.py develop --editable --build-directory /home/sgjzz1/git/physicalai-lv1-gyujinsim/physicalai-lv1-assignments-main/lv1_module2_student/ros2_ws/build/turtle_py/build --no-deps symlink_data
[1.600s] INFO:colcon.colcon_core.shell:Creating environment descriptor '/home/sgjzz1/git/physicalai-lv1-gyujinsim/physicalai-lv1-assignments-main/lv1_module2_student/ros2_ws/build/turtle_py/share/turtle_py/hook/pythonpath_develop.dsv'
[1.600s] INFO:colcon.colcon_core.shell:Creating environment hook '/home/sgjzz1/git/physicalai-lv1-gyujinsim/physicalai-lv1-assignments-main/lv1_module2_student/ros2_ws/build/turtle_py/share/turtle_py/hook/pythonpath_develop.sh'
[1.603s] Level 1:colcon.colcon_core.environment:checking '/home/sgjzz1/git/physicalai-lv1-gyujinsim/physicalai-lv1-assignments-main/lv1_module2_student/ros2_ws/install/turtle_py' for CMake module files
[1.603s] Level 1:colcon.colcon_core.environment:checking '/home/sgjzz1/git/physicalai-lv1-gyujinsim/physicalai-lv1-assignments-main/lv1_module2_student/ros2_ws/install/turtle_py' for CMake config files
[1.604s] Level 1:colcon.colcon_core.environment:checking '/home/sgjzz1/git/physicalai-lv1-gyujinsim/physicalai-lv1-assignments-main/lv1_module2_student/ros2_ws/install/turtle_py/lib'
[1.604s] Level 1:colcon.colcon_core.environment:checking '/home/sgjzz1/git/physicalai-lv1-gyujinsim/physicalai-lv1-assignments-main/lv1_module2_student/ros2_ws/install/turtle_py/bin'
[1.604s] Level 1:colcon.colcon_core.environment:checking '/home/sgjzz1/git/physicalai-lv1-gyujinsim/physicalai-lv1-assignments-main/lv1_module2_student/ros2_ws/install/turtle_py/lib/pkgconfig/turtle_py.pc'
[1.604s] Level 1:colcon.colcon_core.environment:checking '/home/sgjzz1/git/physicalai-lv1-gyujinsim/physicalai-lv1-assignments-main/lv1_module2_student/ros2_ws/install/turtle_py/lib/python3.10/site-packages'
[1.604s] Level 1:colcon.colcon_core.shell:create_environment_hook('turtle_py', 'pythonpath')
[1.605s] INFO:colcon.colcon_core.shell:Creating environment hook '/home/sgjzz1/git/physicalai-lv1-gyujinsim/physicalai-lv1-assignments-main/lv1_module2_student/ros2_ws/install/turtle_py/share/turtle_py/hook/pythonpath.ps1'
[1.605s] INFO:colcon.colcon_core.shell:Creating environment descriptor '/home/sgjzz1/git/physicalai-lv1-gyujinsim/physicalai-lv1-assignments-main/lv1_module2_student/ros2_ws/install/turtle_py/share/turtle_py/hook/pythonpath.dsv'
[1.605s] INFO:colcon.colcon_core.shell:Creating environment hook '/home/sgjzz1/git/physicalai-lv1-gyujinsim/physicalai-lv1-assignments-main/lv1_module2_student/ros2_ws/install/turtle_py/share/turtle_py/hook/pythonpath.sh'
[1.606s] Level 1:colcon.colcon_core.environment:checking '/home/sgjzz1/git/physicalai-lv1-gyujinsim/physicalai-lv1-assignments-main/lv1_module2_student/ros2_ws/install/turtle_py/bin'
[1.606s] Level 1:colcon.colcon_core.environment:create_environment_scripts_only(turtle_py)
[1.607s] INFO:colcon.colcon_core.shell:Creating package script '/home/sgjzz1/git/physicalai-lv1-gyujinsim/physicalai-lv1-assignments-main/lv1_module2_student/ros2_ws/install/turtle_py/share/turtle_py/package.ps1'
[1.608s] INFO:colcon.colcon_core.shell:Creating package descriptor '/home/sgjzz1/git/physicalai-lv1-gyujinsim/physicalai-lv1-assignments-main/lv1_module2_student/ros2_ws/install/turtle_py/share/turtle_py/package.dsv'
[1.609s] INFO:colcon.colcon_core.shell:Creating package script '/home/sgjzz1/git/physicalai-lv1-gyujinsim/physicalai-lv1-assignments-main/lv1_module2_student/ros2_ws/install/turtle_py/share/turtle_py/package.sh'
[1.610s] INFO:colcon.colcon_core.shell:Creating package script '/home/sgjzz1/git/physicalai-lv1-gyujinsim/physicalai-lv1-assignments-main/lv1_module2_student/ros2_ws/install/turtle_py/share/turtle_py/package.bash'
[1.610s] INFO:colcon.colcon_core.shell:Creating package script '/home/sgjzz1/git/physicalai-lv1-gyujinsim/physicalai-lv1-assignments-main/lv1_module2_student/ros2_ws/install/turtle_py/share/turtle_py/package.zsh'
[1.611s] Level 1:colcon.colcon_core.environment:create_file_with_runtime_dependencies(/home/sgjzz1/git/physicalai-lv1-gyujinsim/physicalai-lv1-assignments-main/lv1_module2_student/ros2_ws/install/turtle_py/share/colcon-core/packages/turtle_py)
[1.817s] DEBUG:colcon.colcon_core.event_handler.log_command:Invoked command in '/home/sgjzz1/git/physicalai-lv1-gyujinsim/physicalai-lv1-assignments-main/lv1_module2_student/ros2_ws/build/turtle_interfaces' returned '0': CMAKE_PREFIX_PATH=/opt/ros/humble /usr/bin/cmake /home/sgjzz1/git/physicalai-lv1-gyujinsim/physicalai-lv1-assignments-main/lv1_module2_student/ros2_ws/src/turtle_interfaces -DAMENT_CMAKE_SYMLINK_INSTALL=1 -DCMAKE_INSTALL_PREFIX=/home/sgjzz1/git/physicalai-lv1-gyujinsim/physicalai-lv1-assignments-main/lv1_module2_student/ros2_ws/install/turtle_interfaces
[1.819s] DEBUG:colcon.colcon_core.event_handler.log_command:Invoking command in '/home/sgjzz1/git/physicalai-lv1-gyujinsim/physicalai-lv1-assignments-main/lv1_module2_student/ros2_ws/build/turtle_interfaces': CMAKE_PREFIX_PATH=/opt/ros/humble /usr/bin/cmake --build /home/sgjzz1/git/physicalai-lv1-gyujinsim/physicalai-lv1-assignments-main/lv1_module2_student/ros2_ws/build/turtle_interfaces -- -j16 -l16
[6.198s] DEBUG:colcon.colcon_core.event_handler.log_command:Invoked command in '/home/sgjzz1/git/physicalai-lv1-gyujinsim/physicalai-lv1-assignments-main/lv1_module2_student/ros2_ws/build/turtle_interfaces' returned '0': CMAKE_PREFIX_PATH=/opt/ros/humble /usr/bin/cmake --build /home/sgjzz1/git/physicalai-lv1-gyujinsim/physicalai-lv1-assignments-main/lv1_module2_student/ros2_ws/build/turtle_interfaces -- -j16 -l16
[6.207s] DEBUG:colcon.colcon_core.event_handler.log_command:Invoking command in '/home/sgjzz1/git/physicalai-lv1-gyujinsim/physicalai-lv1-assignments-main/lv1_module2_student/ros2_ws/build/turtle_interfaces': CMAKE_PREFIX_PATH=/opt/ros/humble /usr/bin/cmake --install /home/sgjzz1/git/physicalai-lv1-gyujinsim/physicalai-lv1-assignments-main/lv1_module2_student/ros2_ws/build/turtle_interfaces
[7.436s] Level 1:colcon.colcon_core.environment:create_environment_scripts_only(turtle_interfaces)
[7.436s] DEBUG:colcon.colcon_core.event_handler.log_command:Invoked command in '/home/sgjzz1/git/physicalai-lv1-gyujinsim/physicalai-lv1-assignments-main/lv1_module2_student/ros2_ws/build/turtle_interfaces' returned '0': CMAKE_PREFIX_PATH=/opt/ros/humble /usr/bin/cmake --install /home/sgjzz1/git/physicalai-lv1-gyujinsim/physicalai-lv1-assignments-main/lv1_module2_student/ros2_ws/build/turtle_interfaces
[7.437s] Level 1:colcon.colcon_core.environment:checking '/home/sgjzz1/git/physicalai-lv1-gyujinsim/physicalai-lv1-assignments-main/lv1_module2_student/ros2_ws/install/turtle_interfaces' for CMake module files
[7.437s] Level 1:colcon.colcon_core.environment:checking '/home/sgjzz1/git/physicalai-lv1-gyujinsim/physicalai-lv1-assignments-main/lv1_module2_student/ros2_ws/install/turtle_interfaces' for CMake config files
[7.439s] Level 1:colcon.colcon_core.shell:create_environment_hook('turtle_interfaces', 'cmake_prefix_path')
[7.439s] INFO:colcon.colcon_core.shell:Creating environment hook '/home/sgjzz1/git/physicalai-lv1-gyujinsim/physicalai-lv1-assignments-main/lv1_module2_student/ros2_ws/install/turtle_interfaces/share/turtle_interfaces/hook/cmake_prefix_path.ps1'
[7.439s] INFO:colcon.colcon_core.shell:Creating environment descriptor '/home/sgjzz1/git/physicalai-lv1-gyujinsim/physicalai-lv1-assignments-main/lv1_module2_student/ros2_ws/install/turtle_interfaces/share/turtle_interfaces/hook/cmake_prefix_path.dsv'
[7.440s] INFO:colcon.colcon_core.shell:Creating environment hook '/home/sgjzz1/git/physicalai-lv1-gyujinsim/physicalai-lv1-assignments-main/lv1_module2_student/ros2_ws/install/turtle_interfaces/share/turtle_interfaces/hook/cmake_prefix_path.sh'
[7.440s] Level 1:colcon.colcon_core.environment:checking '/home/sgjzz1/git/physicalai-lv1-gyujinsim/physicalai-lv1-assignments-main/lv1_module2_student/ros2_ws/install/turtle_interfaces/lib'
[7.440s] Level 1:colcon.colcon_core.shell:create_environment_hook('turtle_interfaces', 'ld_library_path_lib')
[7.440s] INFO:colcon.colcon_core.shell:Creating environment hook '/home/sgjzz1/git/physicalai-lv1-gyujinsim/physicalai-lv1-assignments-main/lv1_module2_student/ros2_ws/install/turtle_interfaces/share/turtle_interfaces/hook/ld_library_path_lib.ps1'
[7.441s] INFO:colcon.colcon_core.shell:Creating environment descriptor '/home/sgjzz1/git/physicalai-lv1-gyujinsim/physicalai-lv1-assignments-main/lv1_module2_student/ros2_ws/install/turtle_interfaces/share/turtle_interfaces/hook/ld_library_path_lib.dsv'
[7.441s] INFO:colcon.colcon_core.shell:Creating environment hook '/home/sgjzz1/git/physicalai-lv1-gyujinsim/physicalai-lv1-assignments-main/lv1_module2_student/ros2_ws/install/turtle_interfaces/share/turtle_interfaces/hook/ld_library_path_lib.sh'
[7.441s] Level 1:colcon.colcon_core.environment:checking '/home/sgjzz1/git/physicalai-lv1-gyujinsim/physicalai-lv1-assignments-main/lv1_module2_student/ros2_ws/install/turtle_interfaces/bin'
[7.441s] Level 1:colcon.colcon_core.environment:checking '/home/sgjzz1/git/physicalai-lv1-gyujinsim/physicalai-lv1-assignments-main/lv1_module2_student/ros2_ws/install/turtle_interfaces/lib/pkgconfig/turtle_interfaces.pc'
[7.441s] Level 1:colcon.colcon_core.environment:checking '/home/sgjzz1/git/physicalai-lv1-gyujinsim/physicalai-lv1-assignments-main/lv1_module2_student/ros2_ws/install/turtle_interfaces/lib/python3.10/site-packages'
[7.442s] Level 1:colcon.colcon_core.environment:checking '/home/sgjzz1/git/physicalai-lv1-gyujinsim/physicalai-lv1-assignments-main/lv1_module2_student/ros2_ws/install/turtle_interfaces/bin'
[7.442s] INFO:colcon.colcon_core.shell:Creating package script '/home/sgjzz1/git/physicalai-lv1-gyujinsim/physicalai-lv1-assignments-main/lv1_module2_student/ros2_ws/install/turtle_interfaces/share/turtle_interfaces/package.ps1'
[7.442s] INFO:colcon.colcon_core.shell:Creating package descriptor '/home/sgjzz1/git/physicalai-lv1-gyujinsim/physicalai-lv1-assignments-main/lv1_module2_student/ros2_ws/install/turtle_interfaces/share/turtle_interfaces/package.dsv'
[7.443s] INFO:colcon.colcon_core.shell:Creating package script '/home/sgjzz1/git/physicalai-lv1-gyujinsim/physicalai-lv1-assignments-main/lv1_module2_student/ros2_ws/install/turtle_interfaces/share/turtle_interfaces/package.sh'
[7.443s] INFO:colcon.colcon_core.shell:Creating package script '/home/sgjzz1/git/physicalai-lv1-gyujinsim/physicalai-lv1-assignments-main/lv1_module2_student/ros2_ws/install/turtle_interfaces/share/turtle_interfaces/package.bash'
[7.443s] INFO:colcon.colcon_core.shell:Creating package script '/home/sgjzz1/git/physicalai-lv1-gyujinsim/physicalai-lv1-assignments-main/lv1_module2_student/ros2_ws/install/turtle_interfaces/share/turtle_interfaces/package.zsh'
[7.444s] Level 1:colcon.colcon_core.environment:create_file_with_runtime_dependencies(/home/sgjzz1/git/physicalai-lv1-gyujinsim/physicalai-lv1-assignments-main/lv1_module2_student/ros2_ws/install/turtle_interfaces/share/colcon-core/packages/turtle_interfaces)
[7.444s] Level 1:colcon.colcon_core.environment:create_environment_scripts_only(turtle_interfaces)
[7.444s] Level 1:colcon.colcon_core.environment:checking '/home/sgjzz1/git/physicalai-lv1-gyujinsim/physicalai-lv1-assignments-main/lv1_module2_student/ros2_ws/install/turtle_interfaces' for CMake module files
[7.445s] Level 1:colcon.colcon_core.environment:checking '/home/sgjzz1/git/physicalai-lv1-gyujinsim/physicalai-lv1-assignments-main/lv1_module2_student/ros2_ws/install/turtle_interfaces' for CMake config files
[7.446s] Level 1:colcon.colcon_core.shell:create_environment_hook('turtle_interfaces', 'cmake_prefix_path')
[7.447s] INFO:colcon.colcon_core.shell:Creating environment hook '/home/sgjzz1/git/physicalai-lv1-gyujinsim/physicalai-lv1-assignments-main/lv1_module2_student/ros2_ws/install/turtle_interfaces/share/turtle_interfaces/hook/cmake_prefix_path.ps1'
[7.447s] INFO:colcon.colcon_core.shell:Creating environment descriptor '/home/sgjzz1/git/physicalai-lv1-gyujinsim/physicalai-lv1-assignments-main/lv1_module2_student/ros2_ws/install/turtle_interfaces/share/turtle_interfaces/hook/cmake_prefix_path.dsv'
[7.447s] INFO:colcon.colcon_core.shell:Creating environment hook '/home/sgjzz1/git/physicalai-lv1-gyujinsim/physicalai-lv1-assignments-main/lv1_module2_student/ros2_ws/install/turtle_interfaces/share/turtle_interfaces/hook/cmake_prefix_path.sh'
[7.448s] Level 1:colcon.colcon_core.environment:checking '/home/sgjzz1/git/physicalai-lv1-gyujinsim/physicalai-lv1-assignments-main/lv1_module2_student/ros2_ws/install/turtle_interfaces/lib'
[7.448s] Level 1:colcon.colcon_core.shell:create_environment_hook('turtle_interfaces', 'ld_library_path_lib')
[7.448s] INFO:colcon.colcon_core.shell:Creating environment hook '/home/sgjzz1/git/physicalai-lv1-gyujinsim/physicalai-lv1-assignments-main/lv1_module2_student/ros2_ws/install/turtle_interfaces/share/turtle_interfaces/hook/ld_library_path_lib.ps1'
[7.448s] INFO:colcon.colcon_core.shell:Creating environment descriptor '/home/sgjzz1/git/physicalai-lv1-gyujinsim/physicalai-lv1-assignments-main/lv1_module2_student/ros2_ws/install/turtle_interfaces/share/turtle_interfaces/hook/ld_library_path_lib.dsv'
[7.448s] INFO:colcon.colcon_core.shell:Creating environment hook '/home/sgjzz1/git/physicalai-lv1-gyujinsim/physicalai-lv1-assignments-main/lv1_module2_student/ros2_ws/install/turtle_interfaces/share/turtle_interfaces/hook/ld_library_path_lib.sh'
[7.449s] Level 1:colcon.colcon_core.environment:checking '/home/sgjzz1/git/physicalai-lv1-gyujinsim/physicalai-lv1-assignments-main/lv1_module2_student/ros2_ws/install/turtle_interfaces/bin'
[7.449s] Level 1:colcon.colcon_core.environment:checking '/home/sgjzz1/git/physicalai-lv1-gyujinsim/physicalai-lv1-assignments-main/lv1_module2_student/ros2_ws/install/turtle_interfaces/lib/pkgconfig/turtle_interfaces.pc'
[7.449s] Level 1:colcon.colcon_core.environment:checking '/home/sgjzz1/git/physicalai-lv1-gyujinsim/physicalai-lv1-assignments-main/lv1_module2_student/ros2_ws/install/turtle_interfaces/lib/python3.10/site-packages'
[7.449s] Level 1:colcon.colcon_core.environment:checking '/home/sgjzz1/git/physicalai-lv1-gyujinsim/physicalai-lv1-assignments-main/lv1_module2_student/ros2_ws/install/turtle_interfaces/bin'
[7.449s] INFO:colcon.colcon_core.shell:Creating package script '/home/sgjzz1/git/physicalai-lv1-gyujinsim/physicalai-lv1-assignments-main/lv1_module2_student/ros2_ws/install/turtle_interfaces/share/turtle_interfaces/package.ps1'
[7.450s] INFO:colcon.colcon_core.shell:Creating package descriptor '/home/sgjzz1/git/physicalai-lv1-gyujinsim/physicalai-lv1-assignments-main/lv1_module2_student/ros2_ws/install/turtle_interfaces/share/turtle_interfaces/package.dsv'
[7.450s] INFO:colcon.colcon_core.shell:Creating package script '/home/sgjzz1/git/physicalai-lv1-gyujinsim/physicalai-lv1-assignments-main/lv1_module2_student/ros2_ws/install/turtle_interfaces/share/turtle_interfaces/package.sh'
[7.451s] INFO:colcon.colcon_core.shell:Creating package script '/home/sgjzz1/git/physicalai-lv1-gyujinsim/physicalai-lv1-assignments-main/lv1_module2_student/ros2_ws/install/turtle_interfaces/share/turtle_interfaces/package.bash'
[7.451s] INFO:colcon.colcon_core.shell:Creating package script '/home/sgjzz1/git/physicalai-lv1-gyujinsim/physicalai-lv1-assignments-main/lv1_module2_student/ros2_ws/install/turtle_interfaces/share/turtle_interfaces/package.zsh'
[7.452s] Level 1:colcon.colcon_core.environment:create_file_with_runtime_dependencies(/home/sgjzz1/git/physicalai-lv1-gyujinsim/physicalai-lv1-assignments-main/lv1_module2_student/ros2_ws/install/turtle_interfaces/share/colcon-core/packages/turtle_interfaces)
[7.452s] INFO:colcon.colcon_ros.task.ament_python.build:Building ROS package in '/home/sgjzz1/git/physicalai-lv1-gyujinsim/physicalai-lv1-assignments-main/lv1_module2_student/ros2_ws/src/turtle_examples' with build type 'ament_python'
[7.452s] Level 1:colcon.colcon_core.shell:create_environment_hook('turtle_examples', 'ament_prefix_path')
[7.452s] INFO:colcon.colcon_core.shell:Creating environment hook '/home/sgjzz1/git/physicalai-lv1-gyujinsim/physicalai-lv1-assignments-main/lv1_module2_student/ros2_ws/install/turtle_examples/share/turtle_examples/hook/ament_prefix_path.ps1'
[7.453s] INFO:colcon.colcon_core.shell:Creating environment descriptor '/home/sgjzz1/git/physicalai-lv1-gyujinsim/physicalai-lv1-assignments-main/lv1_module2_student/ros2_ws/install/turtle_examples/share/turtle_examples/hook/ament_prefix_path.dsv'
[7.453s] INFO:colcon.colcon_core.shell:Creating environment hook '/home/sgjzz1/git/physicalai-lv1-gyujinsim/physicalai-lv1-assignments-main/lv1_module2_student/ros2_ws/install/turtle_examples/share/turtle_examples/hook/ament_prefix_path.sh'
[7.454s] INFO:colcon.colcon_core.shell:Skip shell extension 'powershell' for command environment: Not usable outside of PowerShell
[7.454s] DEBUG:colcon.colcon_core.shell:Skip shell extension 'dsv' for command environment
[7.706s] INFO:colcon.colcon_core.task.python.build:Building Python package in '/home/sgjzz1/git/physicalai-lv1-gyujinsim/physicalai-lv1-assignments-main/lv1_module2_student/ros2_ws/src/turtle_examples'
[7.706s] INFO:colcon.colcon_core.shell:Skip shell extension 'powershell' for command environment: Not usable outside of PowerShell
[7.706s] DEBUG:colcon.colcon_core.shell:Skip shell extension 'dsv' for command environment
[8.026s] DEBUG:colcon.colcon_core.task.python.build:Available setuptools commands: alias, bdist_wheel, upload_docs, install_headers, build_ext, install_egg_info, compile_catalog, install_scripts, bdist, install_lib, install, build_clib, build, build_scripts, update_catalog, symlink_data, build_py, extract_messages, egg_info, check, dist_info, upload, register, rotate, saveopts, init_catalog, easy_install, bdist_rpm, setopt, test, develop, clean, install_data, bdist_dumb, bdist_egg, sdist
[8.288s] DEBUG:colcon.colcon_core.task.python.build:Available setuptools 'develop' options: --help, --user, --record, --allow-hosts, --version, --script-dir, --editable, --no-find-links, --quiet, --prefix, --no-user-cfg, --optimize, --verbose, --local-snapshots-ok, --site-dirs, --multi-version, --install-layout, --upgrade, --always-copy, --find-links, --egg-path, --build-directory, --dry-run, --no-deps, --exclude-scripts, --force-installation-into-system-dir, --always-unzip, --index-url, --install-dir, --zip-ok, --uninstall
[8.290s] DEBUG:colcon.colcon_core.event_handler.log_command:Invoking command in '/home/sgjzz1/git/physicalai-lv1-gyujinsim/physicalai-lv1-assignments-main/lv1_module2_student/ros2_ws/build/turtle_examples': AMENT_PREFIX_PATH=/home/sgjzz1/git/physicalai-lv1-gyujinsim/physicalai-lv1-assignments-main/lv1_module2_student/ros2_ws/install/turtle_interfaces:${AMENT_PREFIX_PATH} CMAKE_PREFIX_PATH=/home/sgjzz1/git/physicalai-lv1-gyujinsim/physicalai-lv1-assignments-main/lv1_module2_student/ros2_ws/install/turtle_interfaces LD_LIBRARY_PATH=/home/sgjzz1/git/physicalai-lv1-gyujinsim/physicalai-lv1-assignments-main/lv1_module2_student/ros2_ws/install/turtle_interfaces/lib:${LD_LIBRARY_PATH} PYTHONPATH=/home/sgjzz1/git/physicalai-lv1-gyujinsim/physicalai-lv1-assignments-main/lv1_module2_student/ros2_ws/build/turtle_examples/prefix_override:/usr/lib/python3/dist-packages/colcon_core/task/python/colcon_distutils_commands:/home/sgjzz1/git/physicalai-lv1-gyujinsim/physicalai-lv1-assignments-main/lv1_module2_student/ros2_ws/install/turtle_examples/lib/python3.10/site-packages:/home/sgjzz1/git/physicalai-lv1-gyujinsim/physicalai-lv1-assignments-main/lv1_module2_student/ros2_ws/install/turtle_interfaces/local/lib/python3.10/dist-packages:${PYTHONPATH} /usr/bin/python3 -W ignore:setup.py install is deprecated -W ignore:easy_install command is deprecated setup.py develop --editable --build-directory /home/sgjzz1/git/physicalai-lv1-gyujinsim/physicalai-lv1-assignments-main/lv1_module2_student/ros2_ws/build/turtle_examples/build --no-deps symlink_data
[8.739s] Level 1:colcon.colcon_core.shell:create_environment_hook('turtle_examples', 'pythonpath_develop')
[8.739s] INFO:colcon.colcon_core.shell:Creating environment hook '/home/sgjzz1/git/physicalai-lv1-gyujinsim/physicalai-lv1-assignments-main/lv1_module2_student/ros2_ws/build/turtle_examples/share/turtle_examples/hook/pythonpath_develop.ps1'
[8.740s] DEBUG:colcon.colcon_core.event_handler.log_command:Invoked command in '/home/sgjzz1/git/physicalai-lv1-gyujinsim/physicalai-lv1-assignments-main/lv1_module2_student/ros2_ws/build/turtle_examples' returned '0': AMENT_PREFIX_PATH=/home/sgjzz1/git/physicalai-lv1-gyujinsim/physicalai-lv1-assignments-main/lv1_module2_student/ros2_ws/install/turtle_interfaces:${AMENT_PREFIX_PATH} CMAKE_PREFIX_PATH=/home/sgjzz1/git/physicalai-lv1-gyujinsim/physicalai-lv1-assignments-main/lv1_module2_student/ros2_ws/install/turtle_interfaces LD_LIBRARY_PATH=/home/sgjzz1/git/physicalai-lv1-gyujinsim/physicalai-lv1-assignments-main/lv1_module2_student/ros2_ws/install/turtle_interfaces/lib:${LD_LIBRARY_PATH} PYTHONPATH=/home/sgjzz1/git/physicalai-lv1-gyujinsim/physicalai-lv1-assignments-main/lv1_module2_student/ros2_ws/build/turtle_examples/prefix_override:/usr/lib/python3/dist-packages/colcon_core/task/python/colcon_distutils_commands:/home/sgjzz1/git/physicalai-lv1-gyujinsim/physicalai-lv1-assignments-main/lv1_module2_student/ros2_ws/install/turtle_examples/lib/python3.10/site-packages:/home/sgjzz1/git/physicalai-lv1-gyujinsim/physicalai-lv1-assignments-main/lv1_module2_student/ros2_ws/install/turtle_interfaces/local/lib/python3.10/dist-packages:${PYTHONPATH} /usr/bin/python3 -W ignore:setup.py install is deprecated -W ignore:easy_install command is deprecated setup.py develop --editable --build-directory /home/sgjzz1/git/physicalai-lv1-gyujinsim/physicalai-lv1-assignments-main/lv1_module2_student/ros2_ws/build/turtle_examples/build --no-deps symlink_data
[8.740s] INFO:colcon.colcon_core.shell:Creating environment descriptor '/home/sgjzz1/git/physicalai-lv1-gyujinsim/physicalai-lv1-assignments-main/lv1_module2_student/ros2_ws/build/turtle_examples/share/turtle_examples/hook/pythonpath_develop.dsv'
[8.741s] INFO:colcon.colcon_core.shell:Creating environment hook '/home/sgjzz1/git/physicalai-lv1-gyujinsim/physicalai-lv1-assignments-main/lv1_module2_student/ros2_ws/build/turtle_examples/share/turtle_examples/hook/pythonpath_develop.sh'
[8.741s] Level 1:colcon.colcon_core.environment:checking '/home/sgjzz1/git/physicalai-lv1-gyujinsim/physicalai-lv1-assignments-main/lv1_module2_student/ros2_ws/install/turtle_examples' for CMake module files
[8.742s] Level 1:colcon.colcon_core.environment:checking '/home/sgjzz1/git/physicalai-lv1-gyujinsim/physicalai-lv1-assignments-main/lv1_module2_student/ros2_ws/install/turtle_examples' for CMake config files
[8.742s] Level 1:colcon.colcon_core.environment:checking '/home/sgjzz1/git/physicalai-lv1-gyujinsim/physicalai-lv1-assignments-main/lv1_module2_student/ros2_ws/install/turtle_examples/lib'
[8.742s] Level 1:colcon.colcon_core.environment:checking '/home/sgjzz1/git/physicalai-lv1-gyujinsim/physicalai-lv1-assignments-main/lv1_module2_student/ros2_ws/install/turtle_examples/bin'
[8.742s] Level 1:colcon.colcon_core.environment:checking '/home/sgjzz1/git/physicalai-lv1-gyujinsim/physicalai-lv1-assignments-main/lv1_module2_student/ros2_ws/install/turtle_examples/lib/pkgconfig/turtle_examples.pc'
[8.742s] Level 1:colcon.colcon_core.environment:checking '/home/sgjzz1/git/physicalai-lv1-gyujinsim/physicalai-lv1-assignments-main/lv1_module2_student/ros2_ws/install/turtle_examples/lib/python3.10/site-packages'
[8.742s] Level 1:colcon.colcon_core.shell:create_environment_hook('turtle_examples', 'pythonpath')
[8.742s] INFO:colcon.colcon_core.shell:Creating environment hook '/home/sgjzz1/git/physicalai-lv1-gyujinsim/physicalai-lv1-assignments-main/lv1_module2_student/ros2_ws/install/turtle_examples/share/turtle_examples/hook/pythonpath.ps1'
[8.743s] INFO:colcon.colcon_core.shell:Creating environment descriptor '/home/sgjzz1/git/physicalai-lv1-gyujinsim/physicalai-lv1-assignments-main/lv1_module2_student/ros2_ws/install/turtle_examples/share/turtle_examples/hook/pythonpath.dsv'
[8.743s] INFO:colcon.colcon_core.shell:Creating environment hook '/home/sgjzz1/git/physicalai-lv1-gyujinsim/physicalai-lv1-assignments-main/lv1_module2_student/ros2_ws/install/turtle_examples/share/turtle_examples/hook/pythonpath.sh'
[8.744s] Level 1:colcon.colcon_core.environment:checking '/home/sgjzz1/git/physicalai-lv1-gyujinsim/physicalai-lv1-assignments-main/lv1_module2_student/ros2_ws/install/turtle_examples/bin'
[8.744s] Level 1:colcon.colcon_core.environment:create_environment_scripts_only(turtle_examples)
[8.744s] INFO:colcon.colcon_core.shell:Creating package script '/home/sgjzz1/git/physicalai-lv1-gyujinsim/physicalai-lv1-assignments-main/lv1_module2_student/ros2_ws/install/turtle_examples/share/turtle_examples/package.ps1'
[8.744s] INFO:colcon.colcon_core.shell:Creating package descriptor '/home/sgjzz1/git/physicalai-lv1-gyujinsim/physicalai-lv1-assignments-main/lv1_module2_student/ros2_ws/install/turtle_examples/share/turtle_examples/package.dsv'
[8.745s] INFO:colcon.colcon_core.shell:Creating package script '/home/sgjzz1/git/physicalai-lv1-gyujinsim/physicalai-lv1-assignments-main/lv1_module2_student/ros2_ws/install/turtle_examples/share/turtle_examples/package.sh'
[8.745s] INFO:colcon.colcon_core.shell:Creating package script '/home/sgjzz1/git/physicalai-lv1-gyujinsim/physicalai-lv1-assignments-main/lv1_module2_student/ros2_ws/install/turtle_examples/share/turtle_examples/package.bash'
[8.745s] INFO:colcon.colcon_core.shell:Creating package script '/home/sgjzz1/git/physicalai-lv1-gyujinsim/physicalai-lv1-assignments-main/lv1_module2_student/ros2_ws/install/turtle_examples/share/turtle_examples/package.zsh'
[8.745s] Level 1:colcon.colcon_core.environment:create_file_with_runtime_dependencies(/home/sgjzz1/git/physicalai-lv1-gyujinsim/physicalai-lv1-assignments-main/lv1_module2_student/ros2_ws/install/turtle_examples/share/colcon-core/packages/turtle_examples)
[9.565s] DEBUG:colcon.colcon_core.event_handler.log_command:Invoked command in '/home/sgjzz1/git/physicalai-lv1-gyujinsim/physicalai-lv1-assignments-main/lv1_module2_student/ros2_ws/build/turtle_cpp' returned '0': CMAKE_PREFIX_PATH=/opt/ros/humble /usr/bin/cmake --build /home/sgjzz1/git/physicalai-lv1-gyujinsim/physicalai-lv1-assignments-main/lv1_module2_student/ros2_ws/build/turtle_cpp -- -j16 -l16
[9.566s] DEBUG:colcon.colcon_core.event_handler.log_command:Invoking command in '/home/sgjzz1/git/physicalai-lv1-gyujinsim/physicalai-lv1-assignments-main/lv1_module2_student/ros2_ws/build/turtle_cpp': CMAKE_PREFIX_PATH=/opt/ros/humble /usr/bin/cmake --install /home/sgjzz1/git/physicalai-lv1-gyujinsim/physicalai-lv1-assignments-main/lv1_module2_student/ros2_ws/build/turtle_cpp
[9.716s] Level 1:colcon.colcon_core.environment:create_environment_scripts_only(turtle_cpp)
[9.717s] Level 1:colcon.colcon_core.environment:checking '/home/sgjzz1/git/physicalai-lv1-gyujinsim/physicalai-lv1-assignments-main/lv1_module2_student/ros2_ws/install/turtle_cpp' for CMake module files
[9.717s] DEBUG:colcon.colcon_core.event_handler.log_command:Invoked command in '/home/sgjzz1/git/physicalai-lv1-gyujinsim/physicalai-lv1-assignments-main/lv1_module2_student/ros2_ws/build/turtle_cpp' returned '0': CMAKE_PREFIX_PATH=/opt/ros/humble /usr/bin/cmake --install /home/sgjzz1/git/physicalai-lv1-gyujinsim/physicalai-lv1-assignments-main/lv1_module2_student/ros2_ws/build/turtle_cpp
[9.718s] Level 1:colcon.colcon_core.environment:checking '/home/sgjzz1/git/physicalai-lv1-gyujinsim/physicalai-lv1-assignments-main/lv1_module2_student/ros2_ws/install/turtle_cpp' for CMake config files
[9.718s] Level 1:colcon.colcon_core.shell:create_environment_hook('turtle_cpp', 'cmake_prefix_path')
[9.718s] INFO:colcon.colcon_core.shell:Creating environment hook '/home/sgjzz1/git/physicalai-lv1-gyujinsim/physicalai-lv1-assignments-main/lv1_module2_student/ros2_ws/install/turtle_cpp/share/turtle_cpp/hook/cmake_prefix_path.ps1'
[9.719s] INFO:colcon.colcon_core.shell:Creating environment descriptor '/home/sgjzz1/git/physicalai-lv1-gyujinsim/physicalai-lv1-assignments-main/lv1_module2_student/ros2_ws/install/turtle_cpp/share/turtle_cpp/hook/cmake_prefix_path.dsv'
[9.719s] INFO:colcon.colcon_core.shell:Creating environment hook '/home/sgjzz1/git/physicalai-lv1-gyujinsim/physicalai-lv1-assignments-main/lv1_module2_student/ros2_ws/install/turtle_cpp/share/turtle_cpp/hook/cmake_prefix_path.sh'
[9.719s] Level 1:colcon.colcon_core.environment:checking '/home/sgjzz1/git/physicalai-lv1-gyujinsim/physicalai-lv1-assignments-main/lv1_module2_student/ros2_ws/install/turtle_cpp/lib'
[9.719s] Level 1:colcon.colcon_core.environment:checking '/home/sgjzz1/git/physicalai-lv1-gyujinsim/physicalai-lv1-assignments-main/lv1_module2_student/ros2_ws/install/turtle_cpp/bin'
[9.720s] Level 1:colcon.colcon_core.environment:checking '/home/sgjzz1/git/physicalai-lv1-gyujinsim/physicalai-lv1-assignments-main/lv1_module2_student/ros2_ws/install/turtle_cpp/lib/pkgconfig/turtle_cpp.pc'
[9.720s] Level 1:colcon.colcon_core.environment:checking '/home/sgjzz1/git/physicalai-lv1-gyujinsim/physicalai-lv1-assignments-main/lv1_module2_student/ros2_ws/install/turtle_cpp/lib/python3.10/site-packages'
[9.720s] Level 1:colcon.colcon_core.environment:checking '/home/sgjzz1/git/physicalai-lv1-gyujinsim/physicalai-lv1-assignments-main/lv1_module2_student/ros2_ws/install/turtle_cpp/bin'
[9.720s] INFO:colcon.colcon_core.shell:Creating package script '/home/sgjzz1/git/physicalai-lv1-gyujinsim/physicalai-lv1-assignments-main/lv1_module2_student/ros2_ws/install/turtle_cpp/share/turtle_cpp/package.ps1'
[9.721s] INFO:colcon.colcon_core.shell:Creating package descriptor '/home/sgjzz1/git/physicalai-lv1-gyujinsim/physicalai-lv1-assignments-main/lv1_module2_student/ros2_ws/install/turtle_cpp/share/turtle_cpp/package.dsv'
[9.721s] INFO:colcon.colcon_core.shell:Creating package script '/home/sgjzz1/git/physicalai-lv1-gyujinsim/physicalai-lv1-assignments-main/lv1_module2_student/ros2_ws/install/turtle_cpp/share/turtle_cpp/package.sh'
[9.721s] INFO:colcon.colcon_core.shell:Creating package script '/home/sgjzz1/git/physicalai-lv1-gyujinsim/physicalai-lv1-assignments-main/lv1_module2_student/ros2_ws/install/turtle_cpp/share/turtle_cpp/package.bash'
[9.722s] INFO:colcon.colcon_core.shell:Creating package script '/home/sgjzz1/git/physicalai-lv1-gyujinsim/physicalai-lv1-assignments-main/lv1_module2_student/ros2_ws/install/turtle_cpp/share/turtle_cpp/package.zsh'
[9.722s] Level 1:colcon.colcon_core.environment:create_file_with_runtime_dependencies(/home/sgjzz1/git/physicalai-lv1-gyujinsim/physicalai-lv1-assignments-main/lv1_module2_student/ros2_ws/install/turtle_cpp/share/colcon-core/packages/turtle_cpp)
[9.723s] Level 1:colcon.colcon_core.environment:create_environment_scripts_only(turtle_cpp)
[9.723s] Level 1:colcon.colcon_core.environment:checking '/home/sgjzz1/git/physicalai-lv1-gyujinsim/physicalai-lv1-assignments-main/lv1_module2_student/ros2_ws/install/turtle_cpp' for CMake module files
[9.723s] Level 1:colcon.colcon_core.environment:checking '/home/sgjzz1/git/physicalai-lv1-gyujinsim/physicalai-lv1-assignments-main/lv1_module2_student/ros2_ws/install/turtle_cpp' for CMake config files
[9.724s] Level 1:colcon.colcon_core.shell:create_environment_hook('turtle_cpp', 'cmake_prefix_path')
[9.724s] INFO:colcon.colcon_core.shell:Creating environment hook '/home/sgjzz1/git/physicalai-lv1-gyujinsim/physicalai-lv1-assignments-main/lv1_module2_student/ros2_ws/install/turtle_cpp/share/turtle_cpp/hook/cmake_prefix_path.ps1'
[9.724s] INFO:colcon.colcon_core.shell:Creating environment descriptor '/home/sgjzz1/git/physicalai-lv1-gyujinsim/physicalai-lv1-assignments-main/lv1_module2_student/ros2_ws/install/turtle_cpp/share/turtle_cpp/hook/cmake_prefix_path.dsv'
[9.724s] INFO:colcon.colcon_core.shell:Creating environment hook '/home/sgjzz1/git/physicalai-lv1-gyujinsim/physicalai-lv1-assignments-main/lv1_module2_student/ros2_ws/install/turtle_cpp/share/turtle_cpp/hook/cmake_prefix_path.sh'
[9.725s] Level 1:colcon.colcon_core.environment:checking '/home/sgjzz1/git/physicalai-lv1-gyujinsim/physicalai-lv1-assignments-main/lv1_module2_student/ros2_ws/install/turtle_cpp/lib'
[9.725s] Level 1:colcon.colcon_core.environment:checking '/home/sgjzz1/git/physicalai-lv1-gyujinsim/physicalai-lv1-assignments-main/lv1_module2_student/ros2_ws/install/turtle_cpp/bin'
[9.725s] Level 1:colcon.colcon_core.environment:checking '/home/sgjzz1/git/physicalai-lv1-gyujinsim/physicalai-lv1-assignments-main/lv1_module2_student/ros2_ws/install/turtle_cpp/lib/pkgconfig/turtle_cpp.pc'
[9.725s] Level 1:colcon.colcon_core.environment:checking '/home/sgjzz1/git/physicalai-lv1-gyujinsim/physicalai-lv1-assignments-main/lv1_module2_student/ros2_ws/install/turtle_cpp/lib/python3.10/site-packages'
[9.726s] Level 1:colcon.colcon_core.environment:checking '/home/sgjzz1/git/physicalai-lv1-gyujinsim/physicalai-lv1-assignments-main/lv1_module2_student/ros2_ws/install/turtle_cpp/bin'
[9.726s] INFO:colcon.colcon_core.shell:Creating package script '/home/sgjzz1/git/physicalai-lv1-gyujinsim/physicalai-lv1-assignments-main/lv1_module2_student/ros2_ws/install/turtle_cpp/share/turtle_cpp/package.ps1'
[9.726s] INFO:colcon.colcon_core.shell:Creating package descriptor '/home/sgjzz1/git/physicalai-lv1-gyujinsim/physicalai-lv1-assignments-main/lv1_module2_student/ros2_ws/install/turtle_cpp/share/turtle_cpp/package.dsv'
[9.727s] INFO:colcon.colcon_core.shell:Creating package script '/home/sgjzz1/git/physicalai-lv1-gyujinsim/physicalai-lv1-assignments-main/lv1_module2_student/ros2_ws/install/turtle_cpp/share/turtle_cpp/package.sh'
[9.727s] INFO:colcon.colcon_core.shell:Creating package script '/home/sgjzz1/git/physicalai-lv1-gyujinsim/physicalai-lv1-assignments-main/lv1_module2_student/ros2_ws/install/turtle_cpp/share/turtle_cpp/package.bash'
[9.728s] INFO:colcon.colcon_core.shell:Creating package script '/home/sgjzz1/git/physicalai-lv1-gyujinsim/physicalai-lv1-assignments-main/lv1_module2_student/ros2_ws/install/turtle_cpp/share/turtle_cpp/package.zsh'
[9.728s] Level 1:colcon.colcon_core.environment:create_file_with_runtime_dependencies(/home/sgjzz1/git/physicalai-lv1-gyujinsim/physicalai-lv1-assignments-main/lv1_module2_student/ros2_ws/install/turtle_cpp/share/colcon-core/packages/turtle_cpp)
[9.728s] DEBUG:colcon.colcon_parallel_executor.executor.parallel:closing loop
[9.728s] DEBUG:colcon.colcon_parallel_executor.executor.parallel:loop closed
[9.729s] DEBUG:colcon.colcon_parallel_executor.executor.parallel:run_until_complete finished with '0'
[9.729s] DEBUG:colcon.colcon_core.event_reactor:joining thread
[9.733s] INFO:colcon.colcon_core.plugin_system:Skipping extension 'colcon_notification.desktop_notification.terminal_notifier': Not used on non-Darwin systems
[9.733s] INFO:colcon.colcon_core.plugin_system:Skipping extension 'colcon_notification.desktop_notification.win32': Not used on non-Windows systems
[9.733s] INFO:colcon.colcon_notification.desktop_notification:Sending desktop notification using 'notify2'
[9.744s] DEBUG:colcon.colcon_core.event_reactor:joined thread
[9.744s] INFO:colcon.colcon_core.shell:Creating prefix script '/home/sgjzz1/git/physicalai-lv1-gyujinsim/physicalai-lv1-assignments-main/lv1_module2_student/ros2_ws/install/local_setup.ps1'
[9.745s] INFO:colcon.colcon_core.shell:Creating prefix util module '/home/sgjzz1/git/physicalai-lv1-gyujinsim/physicalai-lv1-assignments-main/lv1_module2_student/ros2_ws/install/_local_setup_util_ps1.py'
[9.746s] INFO:colcon.colcon_core.shell:Creating prefix chain script '/home/sgjzz1/git/physicalai-lv1-gyujinsim/physicalai-lv1-assignments-main/lv1_module2_student/ros2_ws/install/setup.ps1'
[9.747s] INFO:colcon.colcon_core.shell:Creating prefix script '/home/sgjzz1/git/physicalai-lv1-gyujinsim/physicalai-lv1-assignments-main/lv1_module2_student/ros2_ws/install/local_setup.sh'
[9.748s] INFO:colcon.colcon_core.shell:Creating prefix util module '/home/sgjzz1/git/physicalai-lv1-gyujinsim/physicalai-lv1-assignments-main/lv1_module2_student/ros2_ws/install/_local_setup_util_sh.py'
[9.748s] INFO:colcon.colcon_core.shell:Creating prefix chain script '/home/sgjzz1/git/physicalai-lv1-gyujinsim/physicalai-lv1-assignments-main/lv1_module2_student/ros2_ws/install/setup.sh'
[9.749s] INFO:colcon.colcon_core.shell:Creating prefix script '/home/sgjzz1/git/physicalai-lv1-gyujinsim/physicalai-lv1-assignments-main/lv1_module2_student/ros2_ws/install/local_setup.bash'
[9.750s] INFO:colcon.colcon_core.shell:Creating prefix chain script '/home/sgjzz1/git/physicalai-lv1-gyujinsim/physicalai-lv1-assignments-main/lv1_module2_student/ros2_ws/install/setup.bash'
[9.750s] INFO:colcon.colcon_core.shell:Creating prefix script '/home/sgjzz1/git/physicalai-lv1-gyujinsim/physicalai-lv1-assignments-main/lv1_module2_student/ros2_ws/install/local_setup.zsh'
[9.751s] INFO:colcon.colcon_core.shell:Creating prefix chain script '/home/sgjzz1/git/physicalai-lv1-gyujinsim/physicalai-lv1-assignments-main/lv1_module2_student/ros2_ws/install/setup.zsh'
