[0.837s] Invoking command in '/home/sgjzz1/git/physicalai-lv1-gyujinsim/physicalai-lv1-assignments-main/lv1_module2_student/ros2_ws/build/turtle_examples': AMENT_PREFIX_PATH=/home/sgjzz1/git/physicalai-lv1-gyujinsim/physicalai-lv1-assignments-main/lv1_module2_student/ros2_ws/install/turtle_interfaces:${AMENT_PREFIX_PATH} CMAKE_PREFIX_PATH=/home/sgjzz1/git/physicalai-lv1-gyujinsim/physicalai-lv1-assignments-main/lv1_module2_student/ros2_ws/install/turtle_interfaces LD_LIBRARY_PATH=/home/sgjzz1/git/physicalai-lv1-gyujinsim/physicalai-lv1-assignments-main/lv1_module2_student/ros2_ws/install/turtle_interfaces/lib:${LD_LIBRARY_PATH} PYTHONPATH=/home/sgjzz1/git/physicalai-lv1-gyujinsim/physicalai-lv1-assignments-main/lv1_module2_student/ros2_ws/build/turtle_examples/prefix_override:/usr/lib/python3/dist-packages/colcon_core/task/python/colcon_distutils_commands:/home/sgjzz1/git/physicalai-lv1-gyujinsim/physicalai-lv1-assignments-main/lv1_module2_student/ros2_ws/install/turtle_examples/lib/python3.10/site-packages:/home/sgjzz1/git/physicalai-lv1-gyujinsim/physicalai-lv1-assignments-main/lv1_module2_student/ros2_ws/install/turtle_interfaces/local/lib/python3.10/dist-packages:${PYTHONPATH} /usr/bin/python3 -W ignore:setup.py install is deprecated -W ignore:easy_install command is deprecated setup.py develop --editable --build-directory /home/sgjzz1/git/physicalai-lv1-gyujinsim/physicalai-lv1-assignments-main/lv1_module2_student/ros2_ws/build/turtle_examples/build --no-deps symlink_data
[1.068s] running develop
[1.243s] running egg_info
[1.243s] creating turtle_examples.egg-info
[1.243s] writing turtle_examples.egg-info/PKG-INFO
[1.243s] writing dependency_links to turtle_examples.egg-info/dependency_links.txt
[1.243s] writing entry points to turtle_examples.egg-info/entry_points.txt
[1.243s] writing requirements to turtle_examples.egg-info/requires.txt
[1.243s] writing top-level names to turtle_examples.egg-info/top_level.txt
[1.243s] writing manifest file 'turtle_examples.egg-info/SOURCES.txt'
[1.245s] reading manifest file 'turtle_examples.egg-info/SOURCES.txt'
[1.245s] writing manifest file 'turtle_examples.egg-info/SOURCES.txt'
[1.247s] running build_ext
[1.247s] Creating /home/sgjzz1/git/physicalai-lv1-gyujinsim/physicalai-lv1-assignments-main/lv1_module2_student/ros2_ws/install/turtle_examples/lib/python3.10/site-packages/turtle-examples.egg-link (link to .)
[1.247s] Installing ex03_distance_publisher script to /home/sgjzz1/git/physicalai-lv1-gyujinsim/physicalai-lv1-assignments-main/lv1_module2_student/ros2_ws/install/turtle_examples/lib/turtle_examples
[1.248s] Installing ex03_distance_subscriber script to /home/sgjzz1/git/physicalai-lv1-gyujinsim/physicalai-lv1-assignments-main/lv1_module2_student/ros2_ws/install/turtle_examples/lib/turtle_examples
[1.248s] Installing ex05_builtin_service_client script to /home/sgjzz1/git/physicalai-lv1-gyujinsim/physicalai-lv1-assignments-main/lv1_module2_student/ros2_ws/install/turtle_examples/lib/turtle_examples
[1.248s] Installing ex05_rotate_absolute_client script to /home/sgjzz1/git/physicalai-lv1-gyujinsim/physicalai-lv1-assignments-main/lv1_module2_student/ros2_ws/install/turtle_examples/lib/turtle_examples
[1.248s] Installing ex05_toggle_servers script to /home/sgjzz1/git/physicalai-lv1-gyujinsim/physicalai-lv1-assignments-main/lv1_module2_student/ros2_ws/install/turtle_examples/lib/turtle_examples
[1.248s] Installing ex06_polygon_action_server script to /home/sgjzz1/git/physicalai-lv1-gyujinsim/physicalai-lv1-assignments-main/lv1_module2_student/ros2_ws/install/turtle_examples/lib/turtle_examples
[1.248s] Installing ex06_waypoint_publisher script to /home/sgjzz1/git/physicalai-lv1-gyujinsim/physicalai-lv1-assignments-main/lv1_module2_student/ros2_ws/install/turtle_examples/lib/turtle_examples
[1.248s] Installing ex07_qos_sensor_publisher script to /home/sgjzz1/git/physicalai-lv1-gyujinsim/physicalai-lv1-assignments-main/lv1_module2_student/ros2_ws/install/turtle_examples/lib/turtle_examples
[1.248s] Installing ex07_qos_subscriber script to /home/sgjzz1/git/physicalai-lv1-gyujinsim/physicalai-lv1-assignments-main/lv1_module2_student/ros2_ws/install/turtle_examples/lib/turtle_examples
[1.248s] 
[1.248s] Installed /home/sgjzz1/git/physicalai-lv1-gyujinsim/physicalai-lv1-assignments-main/lv1_module2_student/ros2_ws/build/turtle_examples
[1.248s] running symlink_data
[1.248s] creating /home/sgjzz1/git/physicalai-lv1-gyujinsim/physicalai-lv1-assignments-main/lv1_module2_student/ros2_ws/install/turtle_examples/share/ament_index
[1.249s] creating /home/sgjzz1/git/physicalai-lv1-gyujinsim/physicalai-lv1-assignments-main/lv1_module2_student/ros2_ws/install/turtle_examples/share/ament_index/resource_index
[1.249s] creating /home/sgjzz1/git/physicalai-lv1-gyujinsim/physicalai-lv1-assignments-main/lv1_module2_student/ros2_ws/install/turtle_examples/share/ament_index/resource_index/packages
[1.249s] symbolically linking /home/sgjzz1/git/physicalai-lv1-gyujinsim/physicalai-lv1-assignments-main/lv1_module2_student/ros2_ws/build/turtle_examples/resource/turtle_examples -> /home/sgjzz1/git/physicalai-lv1-gyujinsim/physicalai-lv1-assignments-main/lv1_module2_student/ros2_ws/install/turtle_examples/share/ament_index/resource_index/packages
[1.249s] symbolically linking /home/sgjzz1/git/physicalai-lv1-gyujinsim/physicalai-lv1-assignments-main/lv1_module2_student/ros2_ws/build/turtle_examples/package.xml -> /home/sgjzz1/git/physicalai-lv1-gyujinsim/physicalai-lv1-assignments-main/lv1_module2_student/ros2_ws/install/turtle_examples/share/turtle_examples
[1.249s] creating /home/sgjzz1/git/physicalai-lv1-gyujinsim/physicalai-lv1-assignments-main/lv1_module2_student/ros2_ws/install/turtle_examples/share/turtle_examples/launch
[1.249s] symbolically linking /home/sgjzz1/git/physicalai-lv1-gyujinsim/physicalai-lv1-assignments-main/lv1_module2_student/ros2_ws/build/turtle_examples/launch/turtle_system.launch.py -> /home/sgjzz1/git/physicalai-lv1-gyujinsim/physicalai-lv1-assignments-main/lv1_module2_student/ros2_ws/install/turtle_examples/share/turtle_examples/launch
[1.249s] creating /home/sgjzz1/git/physicalai-lv1-gyujinsim/physicalai-lv1-assignments-main/lv1_module2_student/ros2_ws/install/turtle_examples/share/turtle_examples/config
[1.249s] symbolically linking /home/sgjzz1/git/physicalai-lv1-gyujinsim/physicalai-lv1-assignments-main/lv1_module2_student/ros2_ws/build/turtle_examples/config/params.yaml -> /home/sgjzz1/git/physicalai-lv1-gyujinsim/physicalai-lv1-assignments-main/lv1_module2_student/ros2_ws/install/turtle_examples/share/turtle_examples/config
[1.287s] Invoked command in '/home/sgjzz1/git/physicalai-lv1-gyujinsim/physicalai-lv1-assignments-main/lv1_module2_student/ros2_ws/build/turtle_examples' returned '0': AMENT_PREFIX_PATH=/home/sgjzz1/git/physicalai-lv1-gyujinsim/physicalai-lv1-assignments-main/lv1_module2_student/ros2_ws/install/turtle_interfaces:${AMENT_PREFIX_PATH} CMAKE_PREFIX_PATH=/home/sgjzz1/git/physicalai-lv1-gyujinsim/physicalai-lv1-assignments-main/lv1_module2_student/ros2_ws/install/turtle_interfaces LD_LIBRARY_PATH=/home/sgjzz1/git/physicalai-lv1-gyujinsim/physicalai-lv1-assignments-main/lv1_module2_student/ros2_ws/install/turtle_interfaces/lib:${LD_LIBRARY_PATH} PYTHONPATH=/home/sgjzz1/git/physicalai-lv1-gyujinsim/physicalai-lv1-assignments-main/lv1_module2_student/ros2_ws/build/turtle_examples/prefix_override:/usr/lib/python3/dist-packages/colcon_core/task/python/colcon_distutils_commands:/home/sgjzz1/git/physicalai-lv1-gyujinsim/physicalai-lv1-assignments-main/lv1_module2_student/ros2_ws/install/turtle_examples/lib/python3.10/site-packages:/home/sgjzz1/git/physicalai-lv1-gyujinsim/physicalai-lv1-assignments-main/lv1_module2_student/ros2_ws/install/turtle_interfaces/local/lib/python3.10/dist-packages:${PYTHONPATH} /usr/bin/python3 -W ignore:setup.py install is deprecated -W ignore:easy_install command is deprecated setup.py develop --editable --build-directory /home/sgjzz1/git/physicalai-lv1-gyujinsim/physicalai-lv1-assignments-main/lv1_module2_student/ros2_ws/build/turtle_examples/build --no-deps symlink_data
