[0.013s] Invoking command in '/home/sgjzz1/git/physicalai-lv1-gyujinsim/physicalai-lv1-assignments-main/lv1_module2_student/ros2_ws/build/turtle_cpp': CMAKE_PREFIX_PATH=/opt/ros/humble /usr/bin/cmake /home/sgjzz1/git/physicalai-lv1-gyujinsim/physicalai-lv1-assignments-main/lv1_module2_student/ros2_ws/src/turtle_cpp -DAMENT_CMAKE_SYMLINK_INSTALL=1 -DCMAKE_INSTALL_PREFIX=/home/sgjzz1/git/physicalai-lv1-gyujinsim/physicalai-lv1-assignments-main/lv1_module2_student/ros2_ws/install/turtle_cpp
[0.056s] -- The C compiler identification is GNU 11.4.0
[0.102s] -- The CXX compiler identification is GNU 11.4.0
[0.109s] -- Detecting C compiler ABI info
[0.170s] -- Detecting C compiler ABI info - done
[0.177s] -- Check for working C compiler: /usr/bin/cc - skipped
[0.177s] -- Detecting C compile features
[0.177s] -- Detecting C compile features - done
[0.179s] -- Detecting CXX compiler ABI info
[0.263s] -- Detecting CXX compiler ABI info - done
[0.269s] -- Check for working CXX compiler: /usr/bin/c++ - skipped
[0.269s] -- Detecting CXX compile features
[0.269s] -- Detecting CXX compile features - done
[0.271s] -- Found ament_cmake: 1.3.14 (/opt/ros/humble/share/ament_cmake/cmake)
[0.395s] -- Found Python3: /usr/bin/python3 (found version "3.10.12") found components: Interpreter 
[0.445s] -- Override CMake install command with custom implementation using symlinks instead of copying resources
[0.469s] -- Found rclcpp: 16.0.19 (/opt/ros/humble/share/rclcpp/cmake)
[0.505s] -- Found rosidl_generator_c: 3.1.9 (/opt/ros/humble/share/rosidl_generator_c/cmake)
[0.509s] -- Found rosidl_adapter: 3.1.9 (/opt/ros/humble/share/rosidl_adapter/cmake)
[0.516s] -- Found rosidl_generator_cpp: 3.1.9 (/opt/ros/humble/share/rosidl_generator_cpp/cmake)
[0.525s] -- Using all available rosidl_typesupport_c: rosidl_typesupport_fastrtps_c;rosidl_typesupport_introspection_c
[0.538s] -- Using all available rosidl_typesupport_cpp: rosidl_typesupport_fastrtps_cpp;rosidl_typesupport_introspection_cpp
[0.574s] -- Found rmw_implementation_cmake: 6.1.2 (/opt/ros/humble/share/rmw_implementation_cmake/cmake)
[0.576s] -- Found rmw_fastrtps_cpp: 6.2.10 (/opt/ros/humble/share/rmw_fastrtps_cpp/cmake)
[0.657s] -- Found OpenSSL: /usr/lib/x86_64-linux-gnu/libcrypto.so (found version "3.0.2")  
[0.683s] -- Found FastRTPS: /opt/ros/humble/include  
[0.723s] -- Using RMW implementation 'rmw_fastrtps_cpp' as default
[0.730s] -- Looking for pthread.h
[0.795s] -- Looking for pthread.h - found
[0.796s] -- Performing Test CMAKE_HAVE_LIBC_PTHREAD
[0.862s] -- Performing Test CMAKE_HAVE_LIBC_PTHREAD - Success
[0.863s] -- Found Threads: TRUE  
[0.907s] -- Found turtlesim: 1.4.3 (/opt/ros/humble/share/turtlesim/cmake)
[0.943s] -- Found geometry_msgs: 4.9.1 (/opt/ros/humble/share/geometry_msgs/cmake)
[1.012s] -- Configuring done
[1.030s] -- Generating done
[1.035s] -- Build files have been written to: /home/sgjzz1/git/physicalai-lv1-gyujinsim/physicalai-lv1-assignments-main/lv1_module2_student/ros2_ws/build/turtle_cpp
[1.045s] Invoked command in '/home/sgjzz1/git/physicalai-lv1-gyujinsim/physicalai-lv1-assignments-main/lv1_module2_student/ros2_ws/build/turtle_cpp' returned '0': CMAKE_PREFIX_PATH=/opt/ros/humble /usr/bin/cmake /home/sgjzz1/git/physicalai-lv1-gyujinsim/physicalai-lv1-assignments-main/lv1_module2_student/ros2_ws/src/turtle_cpp -DAMENT_CMAKE_SYMLINK_INSTALL=1 -DCMAKE_INSTALL_PREFIX=/home/sgjzz1/git/physicalai-lv1-gyujinsim/physicalai-lv1-assignments-main/lv1_module2_student/ros2_ws/install/turtle_cpp
[1.047s] Invoking command in '/home/sgjzz1/git/physicalai-lv1-gyujinsim/physicalai-lv1-assignments-main/lv1_module2_student/ros2_ws/build/turtle_cpp': CMAKE_PREFIX_PATH=/opt/ros/humble /usr/bin/cmake --build /home/sgjzz1/git/physicalai-lv1-gyujinsim/physicalai-lv1-assignments-main/lv1_module2_student/ros2_ws/build/turtle_cpp -- -j16 -l16
[1.097s] [ 50%] [32mBuilding CXX object CMakeFiles/sub.dir/src/distance_subscriber.cpp.o[0m
[1.097s] [ 50%] [32mBuilding CXX object CMakeFiles/pub.dir/src/distance_publisher.cpp.o[0m
[1.097s] [ 50%] [32mBuilding CXX object CMakeFiles/square.dir/src/square_move.cpp.o[0m
[5.304s] [ 66%] [32m[1mLinking CXX executable square[0m
[5.463s] [ 66%] Built target square
[8.426s] [ 83%] [32m[1mLinking CXX executable sub[0m
[8.730s] [ 83%] Built target sub
[8.917s] [100%] [32m[1mLinking CXX executable pub[0m
[9.243s] [100%] Built target pub
[9.253s] Invoked command in '/home/sgjzz1/git/physicalai-lv1-gyujinsim/physicalai-lv1-assignments-main/lv1_module2_student/ros2_ws/build/turtle_cpp' returned '0': CMAKE_PREFIX_PATH=/opt/ros/humble /usr/bin/cmake --build /home/sgjzz1/git/physicalai-lv1-gyujinsim/physicalai-lv1-assignments-main/lv1_module2_student/ros2_ws/build/turtle_cpp -- -j16 -l16
[9.255s] Invoking command in '/home/sgjzz1/git/physicalai-lv1-gyujinsim/physicalai-lv1-assignments-main/lv1_module2_student/ros2_ws/build/turtle_cpp': CMAKE_PREFIX_PATH=/opt/ros/humble /usr/bin/cmake --install /home/sgjzz1/git/physicalai-lv1-gyujinsim/physicalai-lv1-assignments-main/lv1_module2_student/ros2_ws/build/turtle_cpp
[9.261s] -- Install configuration: ""
[9.261s] -- Execute custom install script
[9.262s] -- Symlinking: /home/sgjzz1/git/physicalai-lv1-gyujinsim/physicalai-lv1-assignments-main/lv1_module2_student/ros2_ws/install/turtle_cpp/lib/turtle_cpp/pub
[9.270s] -- Symlinking: /home/sgjzz1/git/physicalai-lv1-gyujinsim/physicalai-lv1-assignments-main/lv1_module2_student/ros2_ws/install/turtle_cpp/lib/turtle_cpp/sub
[9.278s] -- Symlinking: /home/sgjzz1/git/physicalai-lv1-gyujinsim/physicalai-lv1-assignments-main/lv1_module2_student/ros2_ws/install/turtle_cpp/lib/turtle_cpp/square
[9.286s] -- Symlinking: /home/sgjzz1/git/physicalai-lv1-gyujinsim/physicalai-lv1-assignments-main/lv1_module2_student/ros2_ws/install/turtle_cpp/share/ament_index/resource_index/package_run_dependencies/turtle_cpp
[9.294s] -- Symlinking: /home/sgjzz1/git/physicalai-lv1-gyujinsim/physicalai-lv1-assignments-main/lv1_module2_student/ros2_ws/install/turtle_cpp/share/ament_index/resource_index/parent_prefix_path/turtle_cpp
[9.302s] -- Symlinking: /home/sgjzz1/git/physicalai-lv1-gyujinsim/physicalai-lv1-assignments-main/lv1_module2_student/ros2_ws/install/turtle_cpp/share/turtle_cpp/environment/ament_prefix_path.sh
[9.309s] -- Symlinking: /home/sgjzz1/git/physicalai-lv1-gyujinsim/physicalai-lv1-assignments-main/lv1_module2_student/ros2_ws/install/turtle_cpp/share/turtle_cpp/environment/ament_prefix_path.dsv
[9.317s] -- Symlinking: /home/sgjzz1/git/physicalai-lv1-gyujinsim/physicalai-lv1-assignments-main/lv1_module2_student/ros2_ws/install/turtle_cpp/share/turtle_cpp/environment/path.sh
[9.326s] -- Symlinking: /home/sgjzz1/git/physicalai-lv1-gyujinsim/physicalai-lv1-assignments-main/lv1_module2_student/ros2_ws/install/turtle_cpp/share/turtle_cpp/environment/path.dsv
[9.335s] -- Symlinking: /home/sgjzz1/git/physicalai-lv1-gyujinsim/physicalai-lv1-assignments-main/lv1_module2_student/ros2_ws/install/turtle_cpp/share/turtle_cpp/local_setup.bash
[9.343s] -- Symlinking: /home/sgjzz1/git/physicalai-lv1-gyujinsim/physicalai-lv1-assignments-main/lv1_module2_student/ros2_ws/install/turtle_cpp/share/turtle_cpp/local_setup.sh
[9.351s] -- Symlinking: /home/sgjzz1/git/physicalai-lv1-gyujinsim/physicalai-lv1-assignments-main/lv1_module2_student/ros2_ws/install/turtle_cpp/share/turtle_cpp/local_setup.zsh
[9.359s] -- Symlinking: /home/sgjzz1/git/physicalai-lv1-gyujinsim/physicalai-lv1-assignments-main/lv1_module2_student/ros2_ws/install/turtle_cpp/share/turtle_cpp/local_setup.dsv
[9.367s] -- Symlinking: /home/sgjzz1/git/physicalai-lv1-gyujinsim/physicalai-lv1-assignments-main/lv1_module2_student/ros2_ws/install/turtle_cpp/share/turtle_cpp/package.dsv
[9.374s] -- Symlinking: /home/sgjzz1/git/physicalai-lv1-gyujinsim/physicalai-lv1-assignments-main/lv1_module2_student/ros2_ws/install/turtle_cpp/share/ament_index/resource_index/packages/turtle_cpp
[9.382s] -- Symlinking: /home/sgjzz1/git/physicalai-lv1-gyujinsim/physicalai-lv1-assignments-main/lv1_module2_student/ros2_ws/install/turtle_cpp/share/turtle_cpp/cmake/turtle_cppConfig.cmake
[9.389s] -- Symlinking: /home/sgjzz1/git/physicalai-lv1-gyujinsim/physicalai-lv1-assignments-main/lv1_module2_student/ros2_ws/install/turtle_cpp/share/turtle_cpp/cmake/turtle_cppConfig-version.cmake
[9.396s] -- Symlinking: /home/sgjzz1/git/physicalai-lv1-gyujinsim/physicalai-lv1-assignments-main/lv1_module2_student/ros2_ws/install/turtle_cpp/share/turtle_cpp/package.xml
[9.406s] Invoked command in '/home/sgjzz1/git/physicalai-lv1-gyujinsim/physicalai-lv1-assignments-main/lv1_module2_student/ros2_ws/build/turtle_cpp' returned '0': CMAKE_PREFIX_PATH=/opt/ros/humble /usr/bin/cmake --install /home/sgjzz1/git/physicalai-lv1-gyujinsim/physicalai-lv1-assignments-main/lv1_module2_student/ros2_ws/build/turtle_cpp
